#-----------------------------------------------------------
# Webtalk v2017.4 (64-bit)
# SW Build 2086221 on Fri Dec 15 20:55:39 MST 2017
# 
# Start of session at: Wed Jan 15 20:24:34 2025
# Process ID: 23236
# Current directory: D:/ProgramEnvironment/vivado2017/system_aes/system_aes.sdk/webtalk
# Command line: wbtcv.exe -mode batch -source sdk_webtalk.tcl
# Log file: D:/ProgramEnvironment/vivado2017/system_aes/system_aes.sdk/webtalk/webtalk.log
# Journal file: D:/ProgramEnvironment/vivado2017/system_aes/system_aes.sdk/webtalk\webtalk.jou
#-----------------------------------------------------------
source sdk_webtalk.tcl
# webtalk_init -webtalk_dir D:\\ProgramEnvironment\\vivado2017\\system_aes\\system_aes.sdk\\webtalk
# webtalk_register_client -client project
# webtalk_add_data -client project -key date_generated -value "2025-01-15 20:24:33" -context "software_version_and_target_device"
# webtalk_add_data -client project -key product_version -value "SDK v2017.4" -context "software_version_and_target_device"
# webtalk_add_data -client project -key build_version -value "2017.4" -context "software_version_and_target_device"
# webtalk_add_data -client project -key os_platform -value "amd64" -context "software_version_and_target_device"
# webtalk_add_data -client project -key registration_id -value "" -context "software_version_and_target_device"
# webtalk_add_data -client project -key tool_flow -value "SDK" -context "software_version_and_target_device"
# webtalk_add_data -client project -key beta -value "false" -context "software_version_and_target_device"
# webtalk_add_data -client project -key route_design -value "NA" -context "software_version_and_target_device"
# webtalk_add_data -client project -key target_family -value "NA" -context "software_version_and_target_device"
# webtalk_add_data -client project -key target_device -value "NA" -context "software_version_and_target_device"
# webtalk_add_data -client project -key target_package -value "NA" -context "software_version_and_target_device"
# webtalk_add_data -client project -key target_speed -value "NA" -context "software_version_and_target_device"
# webtalk_add_data -client project -key random_id -value "s45gc1vbq8os5f3n3i61bb86k7" -context "software_version_and_target_device"
# webtalk_add_data -client project -key project_id -value "2017.4_36" -context "software_version_and_target_device"
# webtalk_add_data -client project -key project_iteration -value "36" -context "software_version_and_target_device"
# webtalk_add_data -client project -key os_name -value "Microsoft Windows 8 or later , 64-bit" -context "user_environment"
# webtalk_add_data -client project -key os_release -value "major release  (build 9200)" -context "user_environment"
# webtalk_add_data -client project -key cpu_name -value "AMD Ryzen 5 5600H with Radeon Graphics         " -context "user_environment"
# webtalk_add_data -client project -key cpu_speed -value "3294 MHz" -context "user_environment"
# webtalk_add_data -client project -key total_processors -value "2" -context "user_environment"
# webtalk_add_data -client project -key system_ram -value "14.877 GB" -context "user_environment"
# webtalk_register_client -client sdk
# webtalk_add_data -client sdk -key uid -value "1736940869826" -context "sdk\\\\hardware/1736940869826"
# webtalk_add_data -client sdk -key isZynq -value "true" -context "sdk\\\\hardware/1736940869826"
# webtalk_add_data -client sdk -key isZynqMP -value "false" -context "sdk\\\\hardware/1736940869826"
# webtalk_add_data -client sdk -key Processors -value "2" -context "sdk\\\\hardware/1736940869826"
# webtalk_add_data -client sdk -key VivadoVersion -value "2017.4" -context "sdk\\\\hardware/1736940869826"
# webtalk_add_data -client sdk -key Arch -value "zynq" -context "sdk\\\\hardware/1736940869826"
# webtalk_add_data -client sdk -key Device -value "7z020" -context "sdk\\\\hardware/1736940869826"
# webtalk_add_data -client sdk -key IsHandoff -value "true" -context "sdk\\\\hardware/1736940869826"
# webtalk_add_data -client sdk -key os -value "NA" -context "sdk\\\\hardware/1736940869826"
# webtalk_add_data -client sdk -key apptemplate -value "NA" -context "sdk\\\\hardware/1736940869826"
# webtalk_add_data -client sdk -key RecordType -value "HWCreation" -context "sdk\\\\hardware/1736940869826"
# webtalk_add_data -client sdk -key uid -value "1736940884002" -context "sdk\\\\bsp/1736940884002"
# webtalk_add_data -client sdk -key hwid -value "1736940869826" -context "sdk\\\\bsp/1736940884002"
# webtalk_add_data -client sdk -key os -value "standalone" -context "sdk\\\\bsp/1736940884002"
# webtalk_add_data -client sdk -key apptemplate -value "hello_world" -context "sdk\\\\bsp/1736940884002"
# webtalk_add_data -client sdk -key RecordType -value "BSPCreation" -context "sdk\\\\bsp/1736940884002"
# webtalk_add_data -client sdk -key uid -value "1736940885420" -context "sdk\\\\application/1736940885420"
# webtalk_add_data -client sdk -key hwid -value "1736940869826" -context "sdk\\\\application/1736940885420"
# webtalk_add_data -client sdk -key bspid -value "1736940884002" -context "sdk\\\\application/1736940885420"
# webtalk_add_data -client sdk -key newbsp -value "true" -context "sdk\\\\application/1736940885420"
# webtalk_add_data -client sdk -key os -value "standalone" -context "sdk\\\\application/1736940885420"
# webtalk_add_data -client sdk -key apptemplate -value "hello_world" -context "sdk\\\\application/1736940885420"
# webtalk_add_data -client sdk -key RecordType -value "APPCreation" -context "sdk\\\\application/1736940885420"
# webtalk_add_data -client sdk -key LangUsed -value "C" -context "sdk\\\\application/1736940885420"
# webtalk_add_data -client sdk -key Procused -value "ps7_cortexa9" -context "sdk\\\\application/1736940885420"
# webtalk_add_data -client sdk -key projSize -value "249.640625" -context "sdk\\\\application/1736940885420"
# webtalk_add_data -client sdk -key uid -value "NA" -context "sdk\\\\bsp/1736943873194"
# webtalk_add_data -client sdk -key RecordType -value "ToolUsage" -context "sdk\\\\bsp/1736943873194"
# webtalk_add_data -client sdk -key BootgenCount -value "0" -context "sdk\\\\bsp/1736943873194"
# webtalk_add_data -client sdk -key DebugCount -value "3" -context "sdk\\\\bsp/1736943873194"
# webtalk_add_data -client sdk -key PerfCount -value "0" -context "sdk\\\\bsp/1736943873194"
# webtalk_add_data -client sdk -key FlashCount -value "0" -context "sdk\\\\bsp/1736943873194"
# webtalk_add_data -client sdk -key CrossTriggCount -value "0" -context "sdk\\\\bsp/1736943873194"
# webtalk_add_data -client sdk -key QemuDebugCount -value "0" -context "sdk\\\\bsp/1736943873194"
# webtalk_transmit -clientid 2994644424 -regid "" -xml D:\\ProgramEnvironment\\vivado2017\\system_aes\\system_aes.sdk\\webtalk\\usage_statistics_ext_sdk.xml -html D:\\ProgramEnvironment\\vivado2017\\system_aes\\system_aes.sdk\\webtalk\\usage_statistics_ext_sdk.html -wdm D:\\ProgramEnvironment\\vivado2017\\system_aes\\system_aes.sdk\\webtalk\\sdk_webtalk.wdm -intro "<H3>SDK Usage Report</H3><BR>"
# webtalk_terminate
INFO: [Common 17-206] Exiting Webtalk at Wed Jan 15 20:24:39 2025...
