Copyright 1986-2017 Xilinx, Inc. All Rights Reserved.
------------------------------------------------------------------------------------
| Tool Version : Vivado v.2017.4 (win64) Build 2086221 Fri Dec 15 20:55:39 MST 2017
| Date         : Wed Jan 15 18:10:16 2025
| Host         : LAPTOP-F0MDUTJ6 running 64-bit major release  (build 9200)
| Command      : upgrade_ip
| Device       : xc7z020clg400-1
------------------------------------------------------------------------------------

Upgrade Log for IP 'design_1_AES_IP_TOP_0_1'

1. Summary
----------

SUCCESS in the upgrade of design_1_AES_IP_TOP_0_1 (xilinx.com:user:AES_IP_TOP:2.0) from (Rev. 63) to (Rev. 64)






Copyright 1986-2017 Xilinx, Inc. All Rights Reserved.
------------------------------------------------------------------------------------
| Tool Version : Vivado v.2017.4 (win64) Build 2086221 Fri Dec 15 20:55:39 MST 2017
| Date         : Wed Jan 15 17:47:15 2025
| Host         : LAPTOP-F0MDUTJ6 running 64-bit major release  (build 9200)
| Command      : upgrade_ip
| Device       : xc7z020clg400-1
------------------------------------------------------------------------------------

Upgrade Log for IP 'design_1_AES_IP_TOP_0_1'

1. Summary
----------

SUCCESS in the upgrade of design_1_AES_IP_TOP_0_1 (xilinx.com:user:AES_IP_TOP:2.0) from (Rev. 62) to (Rev. 63)






Copyright 1986-2017 Xilinx, Inc. All Rights Reserved.
------------------------------------------------------------------------------------
| Tool Version : Vivado v.2017.4 (win64) Build 2086221 Fri Dec 15 20:55:39 MST 2017
| Date         : Wed Jan 15 17:42:46 2025
| Host         : LAPTOP-F0MDUTJ6 running 64-bit major release  (build 9200)
| Command      : upgrade_ip
| Device       : xc7z020clg400-1
------------------------------------------------------------------------------------

Upgrade Log for IP 'design_1_AES_IP_TOP_0_1'

1. Summary
----------

SUCCESS in the upgrade of design_1_AES_IP_TOP_0_1 (xilinx.com:user:AES_IP_TOP:2.0) from (Rev. 61) to (Rev. 62)






Copyright 1986-2017 Xilinx, Inc. All Rights Reserved.
------------------------------------------------------------------------------------
| Tool Version : Vivado v.2017.4 (win64) Build 2086221 Fri Dec 15 20:55:39 MST 2017
| Date         : Wed Jan 15 17:24:50 2025
| Host         : LAPTOP-F0MDUTJ6 running 64-bit major release  (build 9200)
| Command      : upgrade_ip
| Device       : xc7z020clg400-1
------------------------------------------------------------------------------------

Upgrade Log for IP 'design_1_AES_IP_TOP_0_1'

1. Summary
----------

SUCCESS in the upgrade of design_1_AES_IP_TOP_0_1 (xilinx.com:user:AES_IP_TOP:2.0) from (Rev. 60) to (Rev. 61)






Copyright 1986-2017 Xilinx, Inc. All Rights Reserved.
------------------------------------------------------------------------------------
| Tool Version : Vivado v.2017.4 (win64) Build 2086221 Fri Dec 15 20:55:39 MST 2017
| Date         : Wed Jan 15 17:04:05 2025
| Host         : LAPTOP-F0MDUTJ6 running 64-bit major release  (build 9200)
| Command      : upgrade_ip
| Device       : xc7z020clg400-1
------------------------------------------------------------------------------------

Upgrade Log for IP 'design_1_AES_IP_TOP_0_1'

1. Summary
----------

SUCCESS in the upgrade of design_1_AES_IP_TOP_0_1 (xilinx.com:user:AES_IP_TOP:2.0) from (Rev. 59) to (Rev. 60)






Copyright 1986-2017 Xilinx, Inc. All Rights Reserved.
------------------------------------------------------------------------------------
| Tool Version : Vivado v.2017.4 (win64) Build 2086221 Fri Dec 15 20:55:39 MST 2017
| Date         : Wed Jan 15 16:53:05 2025
| Host         : LAPTOP-F0MDUTJ6 running 64-bit major release  (build 9200)
| Command      : upgrade_ip
| Device       : xc7z020clg400-1
------------------------------------------------------------------------------------

Upgrade Log for IP 'design_1_AES_IP_TOP_0_1'

1. Summary
----------

SUCCESS in the upgrade of design_1_AES_IP_TOP_0_1 (xilinx.com:user:AES_IP_TOP:2.0) from (Rev. 58) to (Rev. 59)






Copyright 1986-2017 Xilinx, Inc. All Rights Reserved.
------------------------------------------------------------------------------------
| Tool Version : Vivado v.2017.4 (win64) Build 2086221 Fri Dec 15 20:55:39 MST 2017
| Date         : Wed Jan 15 16:28:59 2025
| Host         : LAPTOP-F0MDUTJ6 running 64-bit major release  (build 9200)
| Command      : upgrade_ip
| Device       : xc7z020clg400-1
------------------------------------------------------------------------------------

Upgrade Log for IP 'design_1_AES_IP_TOP_0_1'

1. Summary
----------

SUCCESS in the upgrade of design_1_AES_IP_TOP_0_1 (xilinx.com:user:AES_IP_TOP:2.0) from (Rev. 57) to (Rev. 58)






Copyright 1986-2017 Xilinx, Inc. All Rights Reserved.
------------------------------------------------------------------------------------
| Tool Version : Vivado v.2017.4 (win64) Build 2086221 Fri Dec 15 20:55:39 MST 2017
| Date         : Wed Jan 15 16:18:26 2025
| Host         : LAPTOP-F0MDUTJ6 running 64-bit major release  (build 9200)
| Command      : upgrade_ip
| Device       : xc7z020clg400-1
------------------------------------------------------------------------------------

Upgrade Log for IP 'design_1_AES_IP_TOP_0_1'

1. Summary
----------

SUCCESS in the upgrade of design_1_AES_IP_TOP_0_1 (xilinx.com:user:AES_IP_TOP:2.0) from (Rev. 56) to (Rev. 57)






Copyright 1986-2017 Xilinx, Inc. All Rights Reserved.
------------------------------------------------------------------------------------
| Tool Version : Vivado v.2017.4 (win64) Build 2086221 Fri Dec 15 20:55:39 MST 2017
| Date         : Wed Jan 15 02:51:30 2025
| Host         : LAPTOP-F0MDUTJ6 running 64-bit major release  (build 9200)
| Command      : upgrade_ip
| Device       : xc7z020clg400-1
------------------------------------------------------------------------------------

Upgrade Log for IP 'design_1_AES_IP_TOP_0_1'

1. Summary
----------

SUCCESS in the upgrade of design_1_AES_IP_TOP_0_1 (xilinx.com:user:AES_IP_TOP:2.0) from (Rev. 55) to (Rev. 56)






Copyright 1986-2017 Xilinx, Inc. All Rights Reserved.
------------------------------------------------------------------------------------
| Tool Version : Vivado v.2017.4 (win64) Build 2086221 Fri Dec 15 20:55:39 MST 2017
| Date         : Tue Jan 14 23:01:47 2025
| Host         : LAPTOP-F0MDUTJ6 running 64-bit major release  (build 9200)
| Command      : upgrade_ip
| Device       : xc7z020clg400-1
------------------------------------------------------------------------------------

Upgrade Log for IP 'design_1_AES_IP_TOP_0_1'

1. Summary
----------

SUCCESS in the upgrade of design_1_AES_IP_TOP_0_1 (xilinx.com:user:AES_IP_TOP:2.0) from (Rev. 54) to (Rev. 55)






Copyright 1986-2017 Xilinx, Inc. All Rights Reserved.
------------------------------------------------------------------------------------
| Tool Version : Vivado v.2017.4 (win64) Build 2086221 Fri Dec 15 20:55:39 MST 2017
| Date         : Tue Jan 14 22:42:36 2025
| Host         : LAPTOP-F0MDUTJ6 running 64-bit major release  (build 9200)
| Command      : upgrade_ip
| Device       : xc7z020clg400-1
------------------------------------------------------------------------------------

Upgrade Log for IP 'design_1_AES_IP_TOP_0_1'

1. Summary
----------

SUCCESS in the upgrade of design_1_AES_IP_TOP_0_1 (xilinx.com:user:AES_IP_TOP:2.0) from (Rev. 53) to (Rev. 54)






Copyright 1986-2017 Xilinx, Inc. All Rights Reserved.
------------------------------------------------------------------------------------
| Tool Version : Vivado v.2017.4 (win64) Build 2086221 Fri Dec 15 20:55:39 MST 2017
| Date         : Tue Jan 14 21:51:02 2025
| Host         : LAPTOP-F0MDUTJ6 running 64-bit major release  (build 9200)
| Command      : upgrade_ip
| Device       : xc7z020clg400-1
------------------------------------------------------------------------------------

Upgrade Log for IP 'design_1_AES_IP_TOP_0_1'

1. Summary
----------

SUCCESS in the upgrade of design_1_AES_IP_TOP_0_1 (xilinx.com:user:AES_IP_TOP:2.0) from (Rev. 52) to (Rev. 53)






Copyright 1986-2017 Xilinx, Inc. All Rights Reserved.
------------------------------------------------------------------------------------
| Tool Version : Vivado v.2017.4 (win64) Build 2086221 Fri Dec 15 20:55:39 MST 2017
| Date         : Tue Jan 14 21:27:08 2025
| Host         : LAPTOP-F0MDUTJ6 running 64-bit major release  (build 9200)
| Command      : upgrade_ip
| Device       : xc7z020clg400-1
------------------------------------------------------------------------------------

Upgrade Log for IP 'design_1_AES_IP_TOP_0_1'

1. Summary
----------

SUCCESS in the upgrade of design_1_AES_IP_TOP_0_1 (xilinx.com:user:AES_IP_TOP:2.0) from (Rev. 51) to (Rev. 52)






Copyright 1986-2017 Xilinx, Inc. All Rights Reserved.
------------------------------------------------------------------------------------
| Tool Version : Vivado v.2017.4 (win64) Build 2086221 Fri Dec 15 20:55:39 MST 2017
| Date         : Tue Jan 14 19:45:52 2025
| Host         : LAPTOP-F0MDUTJ6 running 64-bit major release  (build 9200)
| Command      : upgrade_ip
| Device       : xc7z020clg400-1
------------------------------------------------------------------------------------

Upgrade Log for IP 'design_1_AES_IP_TOP_0_1'

1. Summary
----------

SUCCESS in the upgrade of design_1_AES_IP_TOP_0_1 (xilinx.com:user:AES_IP_TOP:2.0) from (Rev. 50) to (Rev. 51)






Copyright 1986-2017 Xilinx, Inc. All Rights Reserved.
------------------------------------------------------------------------------------
| Tool Version : Vivado v.2017.4 (win64) Build 2086221 Fri Dec 15 20:55:39 MST 2017
| Date         : Tue Jan 14 19:25:12 2025
| Host         : LAPTOP-F0MDUTJ6 running 64-bit major release  (build 9200)
| Command      : upgrade_ip
| Device       : xc7z020clg400-1
------------------------------------------------------------------------------------

Upgrade Log for IP 'design_1_AES_IP_TOP_0_1'

1. Summary
----------

SUCCESS in the upgrade of design_1_AES_IP_TOP_0_1 (xilinx.com:user:AES_IP_TOP:2.0) from (Rev. 49) to (Rev. 50)






Copyright 1986-2017 Xilinx, Inc. All Rights Reserved.
------------------------------------------------------------------------------------
| Tool Version : Vivado v.2017.4 (win64) Build 2086221 Fri Dec 15 20:55:39 MST 2017
| Date         : Tue Jan 14 19:15:09 2025
| Host         : LAPTOP-F0MDUTJ6 running 64-bit major release  (build 9200)
| Command      : upgrade_ip
| Device       : xc7z020clg400-1
------------------------------------------------------------------------------------

Upgrade Log for IP 'design_1_AES_IP_TOP_0_1'

1. Summary
----------

SUCCESS in the upgrade of design_1_AES_IP_TOP_0_1 (xilinx.com:user:AES_IP_TOP:2.0) from (Rev. 48) to (Rev. 49)






Copyright 1986-2017 Xilinx, Inc. All Rights Reserved.
------------------------------------------------------------------------------------
| Tool Version : Vivado v.2017.4 (win64) Build 2086221 Fri Dec 15 20:55:39 MST 2017
| Date         : Tue Jan 14 18:12:03 2025
| Host         : LAPTOP-F0MDUTJ6 running 64-bit major release  (build 9200)
| Command      : upgrade_ip
| Device       : xc7z020clg400-1
------------------------------------------------------------------------------------

Upgrade Log for IP 'design_1_AES_IP_TOP_0_1'

1. Summary
----------

SUCCESS in the upgrade of design_1_AES_IP_TOP_0_1 (xilinx.com:user:AES_IP_TOP:2.0) from (Rev. 47) to (Rev. 48)






Copyright 1986-2017 Xilinx, Inc. All Rights Reserved.
------------------------------------------------------------------------------------
| Tool Version : Vivado v.2017.4 (win64) Build 2086221 Fri Dec 15 20:55:39 MST 2017
| Date         : Tue Jan 14 15:43:26 2025
| Host         : LAPTOP-F0MDUTJ6 running 64-bit major release  (build 9200)
| Command      : upgrade_ip
| Device       : xc7z020clg400-1
------------------------------------------------------------------------------------

Upgrade Log for IP 'design_1_AES_IP_TOP_0_1'

1. Summary
----------

SUCCESS in the upgrade of design_1_AES_IP_TOP_0_1 (xilinx.com:user:AES_IP_TOP:2.0) from (Rev. 45) to (Rev. 47)






Copyright 1986-2017 Xilinx, Inc. All Rights Reserved.
------------------------------------------------------------------------------------
| Tool Version : Vivado v.2017.4 (win64) Build 2086221 Fri Dec 15 20:55:39 MST 2017
| Date         : Tue Jan 14 15:19:33 2025
| Host         : LAPTOP-F0MDUTJ6 running 64-bit major release  (build 9200)
| Command      : upgrade_ip
| Device       : xc7z020clg400-1
------------------------------------------------------------------------------------

Upgrade Log for IP 'design_1_AES_IP_TOP_0_1'

1. Summary
----------

SUCCESS in the upgrade of design_1_AES_IP_TOP_0_1 (xilinx.com:user:AES_IP_TOP:2.0) from (Rev. 44) to (Rev. 45)






Copyright 1986-2017 Xilinx, Inc. All Rights Reserved.
------------------------------------------------------------------------------------
| Tool Version : Vivado v.2017.4 (win64) Build 2086221 Fri Dec 15 20:55:39 MST 2017
| Date         : Tue Jan 14 00:07:16 2025
| Host         : LAPTOP-F0MDUTJ6 running 64-bit major release  (build 9200)
| Command      : upgrade_ip
| Device       : xc7z020clg400-1
------------------------------------------------------------------------------------

Upgrade Log for IP 'design_1_AES_IP_TOP_0_1'

1. Summary
----------

SUCCESS in the upgrade of design_1_AES_IP_TOP_0_1 (xilinx.com:user:AES_IP_TOP:2.0) from (Rev. 43) to (Rev. 44)






Copyright 1986-2017 Xilinx, Inc. All Rights Reserved.
------------------------------------------------------------------------------------
| Tool Version : Vivado v.2017.4 (win64) Build 2086221 Fri Dec 15 20:55:39 MST 2017
| Date         : Mon Jan 13 21:04:32 2025
| Host         : LAPTOP-F0MDUTJ6 running 64-bit major release  (build 9200)
| Command      : upgrade_ip
| Device       : xc7z020clg400-1
------------------------------------------------------------------------------------

Upgrade Log for IP 'design_1_AES_IP_TOP_0_1'

1. Summary
----------

SUCCESS in the upgrade of design_1_AES_IP_TOP_0_1 (xilinx.com:user:AES_IP_TOP:2.0) from (Rev. 42) to (Rev. 43)






Copyright 1986-2017 Xilinx, Inc. All Rights Reserved.
------------------------------------------------------------------------------------
| Tool Version : Vivado v.2017.4 (win64) Build 2086221 Fri Dec 15 20:55:39 MST 2017
| Date         : Mon Jan 13 19:19:34 2025
| Host         : LAPTOP-F0MDUTJ6 running 64-bit major release  (build 9200)
| Command      : upgrade_ip
| Device       : xc7z020clg400-1
------------------------------------------------------------------------------------

Upgrade Log for IP 'design_1_AES_IP_TOP_0_1'

1. Summary
----------

SUCCESS in the upgrade of design_1_AES_IP_TOP_0_1 (xilinx.com:user:AES_IP_TOP:2.0) from (Rev. 41) to (Rev. 42)






Copyright 1986-2017 Xilinx, Inc. All Rights Reserved.
------------------------------------------------------------------------------------
| Tool Version : Vivado v.2017.4 (win64) Build 2086221 Fri Dec 15 20:55:39 MST 2017
| Date         : Mon Jan 13 18:08:57 2025
| Host         : LAPTOP-F0MDUTJ6 running 64-bit major release  (build 9200)
| Command      : upgrade_ip
| Device       : xc7z020clg400-1
------------------------------------------------------------------------------------

Upgrade Log for IP 'design_1_AES_IP_TOP_0_1'

1. Summary
----------

SUCCESS in the upgrade of design_1_AES_IP_TOP_0_1 (xilinx.com:user:AES_IP_TOP:2.0) from (Rev. 40) to (Rev. 41)






Copyright 1986-2017 Xilinx, Inc. All Rights Reserved.
------------------------------------------------------------------------------------
| Tool Version : Vivado v.2017.4 (win64) Build 2086221 Fri Dec 15 20:55:39 MST 2017
| Date         : Mon Jan 13 17:29:50 2025
| Host         : LAPTOP-F0MDUTJ6 running 64-bit major release  (build 9200)
| Command      : upgrade_ip
| Device       : xc7z020clg400-1
------------------------------------------------------------------------------------

Upgrade Log for IP 'design_1_AES_IP_TOP_0_1'

1. Summary
----------

SUCCESS in the upgrade of design_1_AES_IP_TOP_0_1 (xilinx.com:user:AES_IP_TOP:2.0) from (Rev. 39) to (Rev. 40)






Copyright 1986-2017 Xilinx, Inc. All Rights Reserved.
------------------------------------------------------------------------------------
| Tool Version : Vivado v.2017.4 (win64) Build 2086221 Fri Dec 15 20:55:39 MST 2017
| Date         : Mon Jan 13 16:44:13 2025
| Host         : LAPTOP-F0MDUTJ6 running 64-bit major release  (build 9200)
| Command      : upgrade_ip
| Device       : xc7z020clg400-1
------------------------------------------------------------------------------------

Upgrade Log for IP 'design_1_AES_IP_TOP_0_1'

1. Summary
----------

SUCCESS in the conversion of design_1_AES_IP_TOP_0_1 (xilinx.com:user:AES_IP_TOP:2.0 (Rev. 39)) to Vivado generation flows.

