19:34:24 INFO  : Registering command handlers for SDK TCF services
19:34:25 INFO  : Launching XSCT server: xsct.bat -interactive D:\ProgramEnvironment\vivado2017\system_aes\system_aes.sdk\temp_xsdb_launch_script.tcl
19:34:27 INFO  : XSCT server has started successfully.
19:34:27 INFO  : Successfully done setting XSCT server connection channel  
19:34:27 INFO  : Successfully done setting SDK workspace  
19:34:27 INFO  : Processing command line option -hwspec D:/ProgramEnvironment/vivado2017/system_aes/system_aes.sdk/design_1_wrapper.hdf.
19:37:02 INFO  : Connected to target on host '127.0.0.1' and port '3121'.
19:37:03 INFO  : Jtag cable 'Xilinx TUL 1234-tulA' is selected.
19:37:03 INFO  : 'jtag frequency' command is executed.
19:37:03 INFO  : Sourcing of 'D:/ProgramEnvironment/vivado2017/system_aes/system_aes.sdk/design_1_wrapper_hw_platform_0/ps7_init.tcl' is done.
19:37:03 INFO  : Context for 'APU' is selected.
19:37:03 INFO  : System reset is completed.
19:37:06 INFO  : 'after 3000' command is executed.
19:37:06 INFO  : 'targets -set -filter {jtag_cable_name =~ "Xilinx TUL 1234-tulA" && level==0} -index 1' command is executed.
19:37:09 INFO  : FPGA configured successfully with bitstream "D:/ProgramEnvironment/vivado2017/system_aes/system_aes.sdk/design_1_wrapper_hw_platform_0/design_1_wrapper.bit"
19:37:09 INFO  : Context for 'APU' is selected.
19:37:09 INFO  : Hardware design information is loaded from 'D:/ProgramEnvironment/vivado2017/system_aes/system_aes.sdk/design_1_wrapper_hw_platform_0/system.hdf'.
19:37:09 INFO  : 'configparams force-mem-access 1' command is executed.
19:37:09 INFO  : Context for 'APU' is selected.
19:37:09 INFO  : 'ps7_init' command is executed.
19:37:09 INFO  : 'ps7_post_config' command is executed.
19:37:09 INFO  : Context for processor 'ps7_cortexa9_0' is selected.
19:37:09 INFO  : The application 'D:/ProgramEnvironment/vivado2017/system_aes/system_aes.sdk/aes/Debug/aes.elf' is downloaded to processor 'ps7_cortexa9_0'.
19:37:09 INFO  : 'configparams force-mem-access 0' command is executed.
19:37:09 INFO  : ----------------XSDB Script----------------
connect -url tcp:127.0.0.1:3121
source D:/ProgramEnvironment/vivado2017/system_aes/system_aes.sdk/design_1_wrapper_hw_platform_0/ps7_init.tcl
targets -set -nocase -filter {name =~"APU*" && jtag_cable_name =~ "Xilinx TUL 1234-tulA"} -index 0
rst -system
after 3000
targets -set -filter {jtag_cable_name =~ "Xilinx TUL 1234-tulA" && level==0} -index 1
fpga -file D:/ProgramEnvironment/vivado2017/system_aes/system_aes.sdk/design_1_wrapper_hw_platform_0/design_1_wrapper.bit
targets -set -nocase -filter {name =~"APU*" && jtag_cable_name =~ "Xilinx TUL 1234-tulA"} -index 0
loadhw -hw D:/ProgramEnvironment/vivado2017/system_aes/system_aes.sdk/design_1_wrapper_hw_platform_0/system.hdf -mem-ranges [list {0x40000000 0xbfffffff}]
configparams force-mem-access 1
targets -set -nocase -filter {name =~"APU*" && jtag_cable_name =~ "Xilinx TUL 1234-tulA"} -index 0
ps7_init
ps7_post_config
targets -set -nocase -filter {name =~ "ARM*#0" && jtag_cable_name =~ "Xilinx TUL 1234-tulA"} -index 0
dow D:/ProgramEnvironment/vivado2017/system_aes/system_aes.sdk/aes/Debug/aes.elf
configparams force-mem-access 0
----------------End of Script----------------

19:37:09 INFO  : Memory regions updated for context APU
19:37:10 INFO  : Context for processor 'ps7_cortexa9_0' is selected.
19:37:10 INFO  : 'con' command is executed.
19:37:10 INFO  : ----------------XSDB Script (After Launch)----------------
targets -set -nocase -filter {name =~ "ARM*#0" && jtag_cable_name =~ "Xilinx TUL 1234-tulA"} -index 0
con
----------------End of Script----------------

19:37:10 INFO  : Launch script is exported to file 'D:\ProgramEnvironment\vivado2017\system_aes\system_aes.sdk\.sdk\launch_scripts\xilinx_c-c++_application_(system_debugger)\system_debugger_on_local.tcl'
19:38:47 INFO  : Disconnected from the channel tcfchan#1.
19:38:48 INFO  : Connected to target on host '127.0.0.1' and port '3121'.
19:38:48 INFO  : Jtag cable 'Xilinx TUL 1234-tulA' is selected.
19:38:48 INFO  : 'jtag frequency' command is executed.
19:38:48 INFO  : Sourcing of 'D:/ProgramEnvironment/vivado2017/system_aes/system_aes.sdk/design_1_wrapper_hw_platform_0/ps7_init.tcl' is done.
19:38:48 INFO  : Context for 'APU' is selected.
19:38:48 INFO  : System reset is completed.
19:38:51 INFO  : 'after 3000' command is executed.
19:38:52 INFO  : 'targets -set -filter {jtag_cable_name =~ "Xilinx TUL 1234-tulA" && level==0} -index 1' command is executed.
19:38:54 INFO  : FPGA configured successfully with bitstream "D:/ProgramEnvironment/vivado2017/system_aes/system_aes.sdk/design_1_wrapper_hw_platform_0/design_1_wrapper.bit"
19:38:54 INFO  : Context for 'APU' is selected.
19:38:55 INFO  : Hardware design information is loaded from 'D:/ProgramEnvironment/vivado2017/system_aes/system_aes.sdk/design_1_wrapper_hw_platform_0/system.hdf'.
19:38:55 INFO  : 'configparams force-mem-access 1' command is executed.
19:38:55 INFO  : Context for 'APU' is selected.
19:38:55 INFO  : 'ps7_init' command is executed.
19:38:55 INFO  : 'ps7_post_config' command is executed.
19:38:56 INFO  : Context for processor 'ps7_cortexa9_0' is selected.
19:38:56 INFO  : The application 'D:/ProgramEnvironment/vivado2017/system_aes/system_aes.sdk/aes/Debug/aes.elf' is downloaded to processor 'ps7_cortexa9_0'.
19:38:56 INFO  : 'configparams force-mem-access 0' command is executed.
19:38:56 INFO  : ----------------XSDB Script----------------
connect -url tcp:127.0.0.1:3121
source D:/ProgramEnvironment/vivado2017/system_aes/system_aes.sdk/design_1_wrapper_hw_platform_0/ps7_init.tcl
targets -set -nocase -filter {name =~"APU*" && jtag_cable_name =~ "Xilinx TUL 1234-tulA"} -index 0
rst -system
after 3000
targets -set -filter {jtag_cable_name =~ "Xilinx TUL 1234-tulA" && level==0} -index 1
fpga -file D:/ProgramEnvironment/vivado2017/system_aes/system_aes.sdk/design_1_wrapper_hw_platform_0/design_1_wrapper.bit
targets -set -nocase -filter {name =~"APU*" && jtag_cable_name =~ "Xilinx TUL 1234-tulA"} -index 0
loadhw -hw D:/ProgramEnvironment/vivado2017/system_aes/system_aes.sdk/design_1_wrapper_hw_platform_0/system.hdf -mem-ranges [list {0x40000000 0xbfffffff}]
configparams force-mem-access 1
targets -set -nocase -filter {name =~"APU*" && jtag_cable_name =~ "Xilinx TUL 1234-tulA"} -index 0
ps7_init
ps7_post_config
targets -set -nocase -filter {name =~ "ARM*#0" && jtag_cable_name =~ "Xilinx TUL 1234-tulA"} -index 0
dow D:/ProgramEnvironment/vivado2017/system_aes/system_aes.sdk/aes/Debug/aes.elf
configparams force-mem-access 0
----------------End of Script----------------

19:38:56 INFO  : Memory regions updated for context APU
19:38:56 INFO  : Context for processor 'ps7_cortexa9_0' is selected.
19:38:56 INFO  : 'con' command is executed.
19:38:56 INFO  : ----------------XSDB Script (After Launch)----------------
targets -set -nocase -filter {name =~ "ARM*#0" && jtag_cable_name =~ "Xilinx TUL 1234-tulA"} -index 0
con
----------------End of Script----------------

19:38:56 INFO  : Launch script is exported to file 'D:\ProgramEnvironment\vivado2017\system_aes\system_aes.sdk\.sdk\launch_scripts\xilinx_c-c++_application_(system_debugger)\system_debugger_on_local.tcl'
19:40:07 INFO  : Disconnected from the channel tcfchan#2.
19:40:08 INFO  : Connected to target on host '127.0.0.1' and port '3121'.
19:40:08 INFO  : Jtag cable 'Xilinx TUL 1234-tulA' is selected.
19:40:08 INFO  : 'jtag frequency' command is executed.
19:40:08 INFO  : Sourcing of 'D:/ProgramEnvironment/vivado2017/system_aes/system_aes.sdk/design_1_wrapper_hw_platform_0/ps7_init.tcl' is done.
19:40:08 INFO  : Context for 'APU' is selected.
19:40:08 INFO  : System reset is completed.
19:40:11 INFO  : 'after 3000' command is executed.
19:40:11 INFO  : 'targets -set -filter {jtag_cable_name =~ "Xilinx TUL 1234-tulA" && level==0} -index 1' command is executed.
19:40:14 INFO  : FPGA configured successfully with bitstream "D:/ProgramEnvironment/vivado2017/system_aes/system_aes.sdk/design_1_wrapper_hw_platform_0/design_1_wrapper.bit"
19:40:14 INFO  : Context for 'APU' is selected.
19:40:15 INFO  : Hardware design information is loaded from 'D:/ProgramEnvironment/vivado2017/system_aes/system_aes.sdk/design_1_wrapper_hw_platform_0/system.hdf'.
19:40:15 INFO  : 'configparams force-mem-access 1' command is executed.
19:40:15 INFO  : Context for 'APU' is selected.
19:40:15 INFO  : 'ps7_init' command is executed.
19:40:15 INFO  : 'ps7_post_config' command is executed.
19:40:15 INFO  : Context for processor 'ps7_cortexa9_0' is selected.
19:40:15 INFO  : The application 'D:/ProgramEnvironment/vivado2017/system_aes/system_aes.sdk/aes/Debug/aes.elf' is downloaded to processor 'ps7_cortexa9_0'.
19:40:16 INFO  : 'configparams force-mem-access 0' command is executed.
19:40:16 INFO  : ----------------XSDB Script----------------
connect -url tcp:127.0.0.1:3121
source D:/ProgramEnvironment/vivado2017/system_aes/system_aes.sdk/design_1_wrapper_hw_platform_0/ps7_init.tcl
targets -set -nocase -filter {name =~"APU*" && jtag_cable_name =~ "Xilinx TUL 1234-tulA"} -index 0
rst -system
after 3000
targets -set -filter {jtag_cable_name =~ "Xilinx TUL 1234-tulA" && level==0} -index 1
fpga -file D:/ProgramEnvironment/vivado2017/system_aes/system_aes.sdk/design_1_wrapper_hw_platform_0/design_1_wrapper.bit
targets -set -nocase -filter {name =~"APU*" && jtag_cable_name =~ "Xilinx TUL 1234-tulA"} -index 0
loadhw -hw D:/ProgramEnvironment/vivado2017/system_aes/system_aes.sdk/design_1_wrapper_hw_platform_0/system.hdf -mem-ranges [list {0x40000000 0xbfffffff}]
configparams force-mem-access 1
targets -set -nocase -filter {name =~"APU*" && jtag_cable_name =~ "Xilinx TUL 1234-tulA"} -index 0
ps7_init
ps7_post_config
targets -set -nocase -filter {name =~ "ARM*#0" && jtag_cable_name =~ "Xilinx TUL 1234-tulA"} -index 0
dow D:/ProgramEnvironment/vivado2017/system_aes/system_aes.sdk/aes/Debug/aes.elf
configparams force-mem-access 0
----------------End of Script----------------

19:40:16 INFO  : Memory regions updated for context APU
19:40:16 INFO  : Context for processor 'ps7_cortexa9_0' is selected.
19:40:16 INFO  : 'con' command is executed.
19:40:16 INFO  : ----------------XSDB Script (After Launch)----------------
targets -set -nocase -filter {name =~ "ARM*#0" && jtag_cable_name =~ "Xilinx TUL 1234-tulA"} -index 0
con
----------------End of Script----------------

19:40:16 INFO  : Launch script is exported to file 'D:\ProgramEnvironment\vivado2017\system_aes\system_aes.sdk\.sdk\launch_scripts\xilinx_c-c++_application_(system_debugger)\system_debugger_on_local.tcl'
20:24:33 INFO  : Disconnected from the channel tcfchan#3.
