Copyright 1986-2017 Xilinx, Inc. All Rights Reserved.
----------------------------------------------------------------------------------------------------------------------------------------------------------------------
| Tool Version     : Vivado v.2017.4 (win64) Build 2086221 Fri Dec 15 20:55:39 MST 2017
| Date             : Wed Jan 15 18:16:50 2025
| Host             : LAPTOP-F0MDUTJ6 running 64-bit major release  (build 9200)
| Command          : report_power -file design_1_wrapper_power_routed.rpt -pb design_1_wrapper_power_summary_routed.pb -rpx design_1_wrapper_power_routed.rpx
| Design           : design_1_wrapper
| Device           : xc7z020clg400-1
| Design State     : routed
| Grade            : commercial
| Process          : typical
| Characterization : Production
----------------------------------------------------------------------------------------------------------------------------------------------------------------------

Power Report

Table of Contents
-----------------
1. Summary
1.1 On-Chip Components
1.2 Power Supply Summary
1.3 Confidence Level
2. Settings
2.1 Environment
2.2 Clock Constraints
3. Detailed Reports
3.1 By Hierarchy

1. Summary
----------

+--------------------------+--------------+
| Total On-Chip Power (W)  | 1.589        |
| Design Power Budget (W)  | Unspecified* |
| Power Budget Margin (W)  | NA           |
| Dynamic (W)              | 1.448        |
| Device Static (W)        | 0.140        |
| Effective TJA (C/W)      | 11.5         |
| Max Ambient (C)          | 66.7         |
| Junction Temperature (C) | 43.3         |
| Confidence Level         | Low          |
| Setting File             | ---          |
| Simulation Activity File | ---          |
| Design Nets Matched      | NA           |
+--------------------------+--------------+
* Specify Design Power Budget using, set_operating_conditions -design_power_budget <value in Watts>


1.1 On-Chip Components
----------------------

+--------------------------+-----------+----------+-----------+-----------------+
| On-Chip                  | Power (W) | Used     | Available | Utilization (%) |
+--------------------------+-----------+----------+-----------+-----------------+
| Clocks                   |     0.013 |        3 |       --- |             --- |
| Slice Logic              |     0.081 |    27046 |       --- |             --- |
|   LUT as Logic           |     0.075 |    12065 |     53200 |           22.68 |
|   F7/F8 Muxes            |     0.005 |     3923 |     53200 |            7.37 |
|   Register               |     0.001 |     9137 |    106400 |            8.59 |
|   LUT as Distributed RAM |    <0.001 |      220 |     17400 |            1.26 |
|   CARRY4                 |    <0.001 |       47 |     13300 |            0.35 |
|   LUT as Shift Register  |    <0.001 |      133 |     17400 |            0.76 |
|   Others                 |     0.000 |      359 |       --- |             --- |
|   BUFG                   |     0.000 |       11 |        32 |           34.38 |
| Signals                  |     0.097 |    15760 |       --- |             --- |
| Block RAM                |     0.002 |       16 |       140 |           11.43 |
| PS7                      |     1.256 |        1 |       --- |             --- |
| Static Power             |     0.140 |          |           |                 |
| Total                    |     1.589 |          |           |                 |
+--------------------------+-----------+----------+-----------+-----------------+


1.2 Power Supply Summary
------------------------

+-----------+-------------+-----------+-------------+------------+
| Source    | Voltage (V) | Total (A) | Dynamic (A) | Static (A) |
+-----------+-------------+-----------+-------------+------------+
| Vccint    |       1.000 |     0.207 |       0.192 |      0.015 |
| Vccaux    |       1.800 |     0.015 |       0.000 |      0.015 |
| Vcco33    |       3.300 |     0.000 |       0.000 |      0.000 |
| Vcco25    |       2.500 |     0.000 |       0.000 |      0.000 |
| Vcco18    |       1.800 |     0.000 |       0.000 |      0.000 |
| Vcco15    |       1.500 |     0.000 |       0.000 |      0.000 |
| Vcco135   |       1.350 |     0.000 |       0.000 |      0.000 |
| Vcco12    |       1.200 |     0.000 |       0.000 |      0.000 |
| Vccaux_io |       1.800 |     0.000 |       0.000 |      0.000 |
| Vccbram   |       1.000 |     0.002 |       0.000 |      0.002 |
| MGTAVcc   |       1.000 |     0.000 |       0.000 |      0.000 |
| MGTAVtt   |       1.200 |     0.000 |       0.000 |      0.000 |
| MGTVccaux |       1.800 |     0.000 |       0.000 |      0.000 |
| Vccpint   |       1.000 |     0.676 |       0.647 |      0.029 |
| Vccpaux   |       1.800 |     0.036 |       0.026 |      0.010 |
| Vccpll    |       1.800 |     0.017 |       0.014 |      0.003 |
| Vcco_ddr  |       1.500 |     0.354 |       0.352 |      0.002 |
| Vcco_mio0 |       3.300 |     0.003 |       0.002 |      0.001 |
| Vcco_mio1 |       1.800 |     0.003 |       0.002 |      0.001 |
| Vccadc    |       1.800 |     0.020 |       0.000 |      0.020 |
+-----------+-------------+-----------+-------------+------------+


1.3 Confidence Level
--------------------

+-----------------------------+------------+------------------------------------------------+--------------------------------------------------------------------------------------------------------------------+
| User Input Data             | Confidence | Details                                        | Action                                                                                                             |
+-----------------------------+------------+------------------------------------------------+--------------------------------------------------------------------------------------------------------------------+
| Design implementation state | High       | Design is routed                               |                                                                                                                    |
| Clock nodes activity        | Low        | User specified less than 75% of clocks         | Provide missing clock activity with a constraint file, simulation results or by editing the "By Clock Domain" view |
| I/O nodes activity          | High       | User specified more than 95% of inputs         |                                                                                                                    |
| Internal nodes activity     | Medium     | User specified less than 25% of internal nodes | Provide missing internal nodes activity with simulation results or by editing the "By Resource Type" views         |
| Device models               | High       | Device models are Production                   |                                                                                                                    |
|                             |            |                                                |                                                                                                                    |
| Overall confidence level    | Low        |                                                |                                                                                                                    |
+-----------------------------+------------+------------------------------------------------+--------------------------------------------------------------------------------------------------------------------+


2. Settings
-----------

2.1 Environment
---------------

+-----------------------+------------------------+
| Ambient Temp (C)      | 25.0                   |
| ThetaJA (C/W)         | 11.5                   |
| Airflow (LFM)         | 250                    |
| Heat Sink             | none                   |
| ThetaSA (C/W)         | 0.0                    |
| Board Selection       | medium (10"x10")       |
| # of Board Layers     | 8to11 (8 to 11 Layers) |
| Board Temperature (C) | 25.0                   |
+-----------------------+------------------------+


2.2 Clock Constraints
---------------------

+------------+-------------------------------------------------------------+-----------------+
| Clock      | Domain                                                      | Constraint (ns) |
+------------+-------------------------------------------------------------+-----------------+
| clk_fpga_0 | design_1_i/processing_system7_0/inst/FCLK_CLK_unbuffered[0] |            20.0 |
+------------+-------------------------------------------------------------+-----------------+


3. Detailed Reports
-------------------

3.1 By Hierarchy
----------------

+-----------------------------------------------------------------------------------+-----------+
| Name                                                                              | Power (W) |
+-----------------------------------------------------------------------------------+-----------+
| design_1_wrapper                                                                  |     1.448 |
|   design_1_i                                                                      |     1.448 |
|     AES_IP_TOP_0                                                                  |     0.178 |
|       inst                                                                        |     0.178 |
|         aes_core                                                                  |     0.177 |
|           K_inst                                                                  |    <0.001 |
|           R_inst[0].inst                                                          |    <0.001 |
|             SB                                                                    |    <0.001 |
|           R_inst[1].inst                                                          |     0.004 |
|             SB                                                                    |     0.003 |
|           R_inst[2].inst                                                          |     0.004 |
|             SB                                                                    |     0.003 |
|           R_inst[3].inst                                                          |     0.004 |
|             SB                                                                    |     0.003 |
|           R_inst[4].inst                                                          |     0.004 |
|             SB                                                                    |     0.003 |
|           R_inst[5].inst                                                          |     0.004 |
|             SB                                                                    |     0.003 |
|           R_inst[6].inst                                                          |     0.004 |
|             SB                                                                    |     0.003 |
|           R_inst[7].inst                                                          |     0.004 |
|             SB                                                                    |     0.003 |
|           R_inst[8].inst                                                          |     0.004 |
|             SB                                                                    |     0.003 |
|           R_inst[9].inst                                                          |     0.003 |
|             SB                                                                    |     0.003 |
|         aes_ip_v1_0_M00_AXI_inst                                                  |    <0.001 |
|           FIFO                                                                    |    <0.001 |
|             RAM_reg_0_63_0_2                                                      |    <0.001 |
|             RAM_reg_0_63_102_104                                                  |    <0.001 |
|             RAM_reg_0_63_105_107                                                  |    <0.001 |
|             RAM_reg_0_63_108_110                                                  |    <0.001 |
|             RAM_reg_0_63_111_113                                                  |    <0.001 |
|             RAM_reg_0_63_114_116                                                  |    <0.001 |
|             RAM_reg_0_63_117_119                                                  |    <0.001 |
|             RAM_reg_0_63_120_122                                                  |    <0.001 |
|             RAM_reg_0_63_123_125                                                  |    <0.001 |
|             RAM_reg_0_63_126_127                                                  |    <0.001 |
|             RAM_reg_0_63_12_14                                                    |    <0.001 |
|             RAM_reg_0_63_15_17                                                    |    <0.001 |
|             RAM_reg_0_63_18_20                                                    |    <0.001 |
|             RAM_reg_0_63_21_23                                                    |    <0.001 |
|             RAM_reg_0_63_24_26                                                    |    <0.001 |
|             RAM_reg_0_63_27_29                                                    |    <0.001 |
|             RAM_reg_0_63_30_32                                                    |    <0.001 |
|             RAM_reg_0_63_33_35                                                    |    <0.001 |
|             RAM_reg_0_63_36_38                                                    |    <0.001 |
|             RAM_reg_0_63_39_41                                                    |    <0.001 |
|             RAM_reg_0_63_3_5                                                      |    <0.001 |
|             RAM_reg_0_63_42_44                                                    |    <0.001 |
|             RAM_reg_0_63_45_47                                                    |    <0.001 |
|             RAM_reg_0_63_48_50                                                    |    <0.001 |
|             RAM_reg_0_63_51_53                                                    |    <0.001 |
|             RAM_reg_0_63_54_56                                                    |    <0.001 |
|             RAM_reg_0_63_57_59                                                    |    <0.001 |
|             RAM_reg_0_63_60_62                                                    |    <0.001 |
|             RAM_reg_0_63_63_65                                                    |    <0.001 |
|             RAM_reg_0_63_66_68                                                    |    <0.001 |
|             RAM_reg_0_63_69_71                                                    |    <0.001 |
|             RAM_reg_0_63_6_8                                                      |    <0.001 |
|             RAM_reg_0_63_72_74                                                    |    <0.001 |
|             RAM_reg_0_63_75_77                                                    |    <0.001 |
|             RAM_reg_0_63_78_80                                                    |    <0.001 |
|             RAM_reg_0_63_81_83                                                    |    <0.001 |
|             RAM_reg_0_63_84_86                                                    |    <0.001 |
|             RAM_reg_0_63_87_89                                                    |    <0.001 |
|             RAM_reg_0_63_90_92                                                    |    <0.001 |
|             RAM_reg_0_63_93_95                                                    |    <0.001 |
|             RAM_reg_0_63_96_98                                                    |    <0.001 |
|             RAM_reg_0_63_99_101                                                   |    <0.001 |
|             RAM_reg_0_63_9_11                                                     |    <0.001 |
|         register                                                                  |    <0.001 |
|     axi_apb_bridge_0                                                              |    <0.001 |
|       U0                                                                          |    <0.001 |
|         APB_MASTER_IF_MODULE                                                      |    <0.001 |
|         AXILITE_SLAVE_IF_MODULE                                                   |    <0.001 |
|         MULTIPLEXOR_MODULE                                                        |    <0.001 |
|     axi_bram_ctrl_0                                                               |     0.002 |
|       U0                                                                          |     0.002 |
|         gext_inst.abcv4_0_ext_inst                                                |     0.002 |
|           GEN_AXI4.I_FULL_AXI                                                     |     0.002 |
|             I_RD_CHNL                                                             |     0.001 |
|               GEN_UA_NARROW.I_UA_NARROW                                           |    <0.001 |
|               I_WRAP_BRST                                                         |    <0.001 |
|             I_WR_CHNL                                                             |    <0.001 |
|               BID_FIFO                                                            |    <0.001 |
|               GEN_UA_NARROW.I_UA_NARROW                                           |    <0.001 |
|               I_WRAP_BRST                                                         |    <0.001 |
|     axi_interconnect_0                                                            |     0.009 |
|       m00_couplers                                                                |     0.004 |
|         auto_ds                                                                   |     0.003 |
|           inst                                                                    |     0.003 |
|             gen_downsizer.gen_simple_downsizer.axi_downsizer_inst                 |     0.003 |
|               USE_READ.read_addr_inst                                             |     0.001 |
|                 cmd_queue                                                         |    <0.001 |
|                   inst                                                            |    <0.001 |
|                     fifo_gen_inst                                                 |    <0.001 |
|                       inst_fifo_gen                                               |    <0.001 |
|                         gconvfifo.rf                                              |    <0.001 |
|                           grf.rf                                                  |    <0.001 |
|                             gntv_or_sync_fifo.gl0.rd                              |    <0.001 |
|                               gr1.gr1_int.rfwft                                   |    <0.001 |
|                               grss.rsts                                           |    <0.001 |
|                               rpntr                                               |    <0.001 |
|                             gntv_or_sync_fifo.gl0.wr                              |    <0.001 |
|                               gwss.wsts                                           |    <0.001 |
|                               wpntr                                               |    <0.001 |
|                             gntv_or_sync_fifo.mem                                 |    <0.001 |
|                               gdm.dm_gen.dm                                       |    <0.001 |
|                                 RAM_reg_0_31_0_5                                  |    <0.001 |
|                                 RAM_reg_0_31_12_17                                |    <0.001 |
|                                 RAM_reg_0_31_18_23                                |    <0.001 |
|                                 RAM_reg_0_31_24_28                                |    <0.001 |
|                                 RAM_reg_0_31_6_11                                 |    <0.001 |
|                             rstblk                                                |    <0.001 |
|                               ngwrdrst.grst.g7serrst.gnsckt_wrst.rst_wr_reg2_inst |    <0.001 |
|               USE_READ.read_data_inst                                             |    <0.001 |
|               USE_WRITE.USE_SPLIT.write_resp_inst                                 |    <0.001 |
|               USE_WRITE.write_addr_inst                                           |     0.001 |
|                 USE_B_CHANNEL.cmd_b_queue                                         |    <0.001 |
|                   inst                                                            |    <0.001 |
|                     fifo_gen_inst                                                 |    <0.001 |
|                       inst_fifo_gen                                               |    <0.001 |
|                         gconvfifo.rf                                              |    <0.001 |
|                           grf.rf                                                  |    <0.001 |
|                             gntv_or_sync_fifo.gl0.rd                              |    <0.001 |
|                               gr1.gr1_int.rfwft                                   |    <0.001 |
|                               grss.rsts                                           |    <0.001 |
|                               rpntr                                               |    <0.001 |
|                             gntv_or_sync_fifo.gl0.wr                              |    <0.001 |
|                               gwss.wsts                                           |    <0.001 |
|                               wpntr                                               |    <0.001 |
|                             gntv_or_sync_fifo.mem                                 |    <0.001 |
|                               gdm.dm_gen.dm                                       |    <0.001 |
|                                 RAM_reg_0_31_0_5                                  |    <0.001 |
|                                 RAM_reg_0_31_6_8                                  |    <0.001 |
|                             rstblk                                                |    <0.001 |
|                               ngwrdrst.grst.g7serrst.gnsckt_wrst.rst_wr_reg2_inst |    <0.001 |
|                 cmd_queue                                                         |    <0.001 |
|                   inst                                                            |    <0.001 |
|                     fifo_gen_inst                                                 |    <0.001 |
|                       inst_fifo_gen                                               |    <0.001 |
|                         gconvfifo.rf                                              |    <0.001 |
|                           grf.rf                                                  |    <0.001 |
|                             gntv_or_sync_fifo.gl0.rd                              |    <0.001 |
|                               gr1.gr1_int.rfwft                                   |    <0.001 |
|                               grss.rsts                                           |    <0.001 |
|                               rpntr                                               |    <0.001 |
|                             gntv_or_sync_fifo.gl0.wr                              |    <0.001 |
|                               gwss.wsts                                           |    <0.001 |
|                               wpntr                                               |    <0.001 |
|                             gntv_or_sync_fifo.mem                                 |    <0.001 |
|                               gdm.dm_gen.dm                                       |    <0.001 |
|                                 RAM_reg_0_31_0_5                                  |    <0.001 |
|                                 RAM_reg_0_31_12_17                                |    <0.001 |
|                                 RAM_reg_0_31_18_23                                |    <0.001 |
|                                 RAM_reg_0_31_24_28                                |    <0.001 |
|                                 RAM_reg_0_31_6_11                                 |    <0.001 |
|                             rstblk                                                |    <0.001 |
|                               ngwrdrst.grst.g7serrst.gnsckt_wrst.rst_wr_reg2_inst |    <0.001 |
|               USE_WRITE.write_data_inst                                           |    <0.001 |
|         auto_pc                                                                   |     0.002 |
|           inst                                                                    |     0.002 |
|             gen_axilite.gen_b2s_conv.axilite_b2s                                  |     0.002 |
|               RD.ar_channel_0                                                     |    <0.001 |
|                 ar_cmd_fsm_0                                                      |    <0.001 |
|                 cmd_translator_0                                                  |    <0.001 |
|                   incr_cmd_0                                                      |    <0.001 |
|                   wrap_cmd_0                                                      |    <0.001 |
|               RD.r_channel_0                                                      |    <0.001 |
|                 rd_data_fifo_0                                                    |    <0.001 |
|                 transaction_fifo_0                                                |    <0.001 |
|               SI_REG                                                              |    <0.001 |
|                 ar.ar_pipe                                                        |    <0.001 |
|                 aw.aw_pipe                                                        |    <0.001 |
|                 b.b_pipe                                                          |    <0.001 |
|                 r.r_pipe                                                          |    <0.001 |
|               WR.aw_channel_0                                                     |    <0.001 |
|                 aw_cmd_fsm_0                                                      |    <0.001 |
|                 cmd_translator_0                                                  |    <0.001 |
|                   incr_cmd_0                                                      |    <0.001 |
|                   wrap_cmd_0                                                      |    <0.001 |
|               WR.b_channel_0                                                      |    <0.001 |
|                 bid_fifo_0                                                        |    <0.001 |
|                 bresp_fifo_0                                                      |    <0.001 |
|       s00_couplers                                                                |     0.002 |
|         auto_pc                                                                   |     0.000 |
|         auto_us                                                                   |     0.002 |
|           inst                                                                    |     0.002 |
|             gen_upsizer.gen_full_upsizer.axi_upsizer_inst                         |     0.002 |
|               USE_READ.gen_non_fifo_r_upsizer.mi_register_slice_inst              |    <0.001 |
|                 r.r_pipe                                                          |    <0.001 |
|               USE_READ.gen_non_fifo_r_upsizer.read_data_inst                      |    <0.001 |
|               USE_READ.read_addr_inst                                             |    <0.001 |
|                 GEN_CMD_QUEUE.cmd_queue                                           |    <0.001 |
|                 gen_id_queue.id_queue                                             |    <0.001 |
|               USE_WRITE.gen_non_fifo_w_upsizer.write_data_inst                    |    <0.001 |
|               USE_WRITE.write_addr_inst                                           |    <0.001 |
|                 GEN_CMD_QUEUE.cmd_queue                                           |    <0.001 |
|                 gen_id_queue.id_queue                                             |    <0.001 |
|               si_register_slice_inst                                              |    <0.001 |
|                 ar.ar_pipe                                                        |    <0.001 |
|                 aw.aw_pipe                                                        |    <0.001 |
|       xbar                                                                        |     0.002 |
|         inst                                                                      |     0.002 |
|           gen_samd.crossbar_samd                                                  |     0.002 |
|             addr_arbiter_ar                                                       |    <0.001 |
|               gen_arbiter.mux_mesg                                                |    <0.001 |
|             addr_arbiter_aw                                                       |    <0.001 |
|               gen_arbiter.mux_mesg                                                |    <0.001 |
|             gen_decerr_slave.decerr_slave_inst                                    |    <0.001 |
|             gen_master_slots[0].gen_mi_write.wdata_mux_w                          |    <0.001 |
|               gen_wmux.wmux_aw_fifo                                               |    <0.001 |
|                 gen_srls[0].gen_rep[0].srl_nx1                                    |    <0.001 |
|             gen_master_slots[0].reg_slice_mi                                      |    <0.001 |
|               b.b_pipe                                                            |    <0.001 |
|               r.r_pipe                                                            |    <0.001 |
|             gen_master_slots[1].gen_mi_write.wdata_mux_w                          |    <0.001 |
|               gen_wmux.wmux_aw_fifo                                               |    <0.001 |
|                 gen_srls[0].gen_rep[0].srl_nx1                                    |    <0.001 |
|             gen_master_slots[1].reg_slice_mi                                      |    <0.001 |
|               b.b_pipe                                                            |    <0.001 |
|               r.r_pipe                                                            |    <0.001 |
|             gen_master_slots[2].gen_mi_write.wdata_mux_w                          |    <0.001 |
|               gen_wmux.wmux_aw_fifo                                               |    <0.001 |
|                 gen_srls[0].gen_rep[0].srl_nx1                                    |    <0.001 |
|             gen_master_slots[2].reg_slice_mi                                      |    <0.001 |
|               b.b_pipe                                                            |    <0.001 |
|               r.r_pipe                                                            |    <0.001 |
|             gen_slave_slots[0].gen_si_read.si_transactor_ar                       |    <0.001 |
|             gen_slave_slots[0].gen_si_write.si_transactor_aw                      |    <0.001 |
|             gen_slave_slots[0].gen_si_write.splitter_aw_si                        |    <0.001 |
|             gen_slave_slots[0].gen_si_write.wdata_router_w                        |    <0.001 |
|               wrouter_aw_fifo                                                     |    <0.001 |
|                 gen_srls[0].gen_rep[0].srl_nx1                                    |    <0.001 |
|                 gen_srls[0].gen_rep[1].srl_nx1                                    |    <0.001 |
|             gen_slave_slots[1].gen_si_read.si_transactor_ar                       |    <0.001 |
|               gen_multi_thread.arbiter_resp_inst                                  |    <0.001 |
|             gen_slave_slots[1].gen_si_write.si_transactor_aw                      |    <0.001 |
|               gen_multi_thread.arbiter_resp_inst                                  |    <0.001 |
|             gen_slave_slots[1].gen_si_write.splitter_aw_si                        |    <0.001 |
|             gen_slave_slots[1].gen_si_write.wdata_router_w                        |    <0.001 |
|               wrouter_aw_fifo                                                     |    <0.001 |
|                 gen_srls[0].gen_rep[0].srl_nx1                                    |    <0.001 |
|                 gen_srls[0].gen_rep[1].srl_nx1                                    |    <0.001 |
|             splitter_aw_mi                                                        |    <0.001 |
|     blk_mem_gen_0                                                                 |     0.002 |
|       U0                                                                          |     0.002 |
|         inst_blk_mem_gen                                                          |     0.002 |
|           gnbram.gnative_mem_map_bmg.native_mem_map_blk_mem_gen                   |     0.002 |
|             valid.cstr                                                            |     0.002 |
|               ramloop[0].ram.r                                                    |    <0.001 |
|                 prim_noinit.ram                                                   |    <0.001 |
|               ramloop[10].ram.r                                                   |    <0.001 |
|                 prim_noinit.ram                                                   |    <0.001 |
|               ramloop[11].ram.r                                                   |    <0.001 |
|                 prim_noinit.ram                                                   |    <0.001 |
|               ramloop[12].ram.r                                                   |    <0.001 |
|                 prim_noinit.ram                                                   |    <0.001 |
|               ramloop[13].ram.r                                                   |    <0.001 |
|                 prim_noinit.ram                                                   |    <0.001 |
|               ramloop[14].ram.r                                                   |    <0.001 |
|                 prim_noinit.ram                                                   |    <0.001 |
|               ramloop[15].ram.r                                                   |    <0.001 |
|                 prim_noinit.ram                                                   |    <0.001 |
|               ramloop[1].ram.r                                                    |    <0.001 |
|                 prim_noinit.ram                                                   |    <0.001 |
|               ramloop[2].ram.r                                                    |    <0.001 |
|                 prim_noinit.ram                                                   |    <0.001 |
|               ramloop[3].ram.r                                                    |    <0.001 |
|                 prim_noinit.ram                                                   |    <0.001 |
|               ramloop[4].ram.r                                                    |    <0.001 |
|                 prim_noinit.ram                                                   |    <0.001 |
|               ramloop[5].ram.r                                                    |    <0.001 |
|                 prim_noinit.ram                                                   |    <0.001 |
|               ramloop[6].ram.r                                                    |    <0.001 |
|                 prim_noinit.ram                                                   |    <0.001 |
|               ramloop[7].ram.r                                                    |    <0.001 |
|                 prim_noinit.ram                                                   |    <0.001 |
|               ramloop[8].ram.r                                                    |    <0.001 |
|                 prim_noinit.ram                                                   |    <0.001 |
|               ramloop[9].ram.r                                                    |    <0.001 |
|                 prim_noinit.ram                                                   |    <0.001 |
|     processing_system7_0                                                          |     1.256 |
|       inst                                                                        |     1.256 |
|     rst_ps7_0_20M                                                                 |    <0.001 |
|       U0                                                                          |    <0.001 |
|         EXT_LPF                                                                   |    <0.001 |
|           ACTIVE_LOW_AUX.ACT_LO_AUX                                               |    <0.001 |
|           ACTIVE_LOW_EXT.ACT_LO_EXT                                               |    <0.001 |
|         SEQ                                                                       |    <0.001 |
|           SEQ_COUNTER                                                             |    <0.001 |
+-----------------------------------------------------------------------------------+-----------+


