
*** Running vivado
    with args -log design_1_wrapper.vdi -applog -m64 -product Vivado -messageDb vivado.pb -mode batch -source design_1_wrapper.tcl -notrace


****** Vivado v2017.4 (64-bit)
  **** SW Build 2086221 on Fri Dec 15 20:55:39 MST 2017
  **** IP Build 2085800 on Fri Dec 15 22:25:07 MST 2017
    ** Copyright 1986-2017 Xilinx, Inc. All Rights Reserved.

source design_1_wrapper.tcl -notrace
INFO: [IP_Flow 19-234] Refreshing IP repositories
WARNING: [IP_Flow 19-3685] Ignored loading user repository 'd:/ProgramEnvironment/vivado2017/ipaes/ipaes.srcs/sources_1/imports/AES128_Entryption/xgui'. The path is contained within another repository.
INFO: [IP_Flow 19-1700] Loaded user IP repository 'd:/ProgramEnvironment/vivado2017/ipaes/ipaes.srcs/sources_1/imports/AES128_Entryption'.
INFO: [IP_Flow 19-2313] Loaded Vivado IP repository 'D:/xilinx-vivado2017/Vivado/2017.4/data/ip'.
Command: link_design -top design_1_wrapper -part xc7z020clg400-1
Design is defaulting to srcset: sources_1
Design is defaulting to constrset: constrs_1
INFO: [Netlist 29-17] Analyzing 4049 Unisim elements for replacement
INFO: [Netlist 29-28] Unisim Transformation completed in 0 CPU seconds
INFO: [Project 1-479] Netlist was created with Vivado 2017.4
INFO: [Device 21-403] Loading part xc7z020clg400-1
INFO: [Project 1-570] Preparing netlist for logic optimization
Parsing XDC File [d:/ProgramEnvironment/vivado2017/system_aes/system_aes.srcs/sources_1/bd/design_1/ip/design_1_processing_system7_0_0/design_1_processing_system7_0_0.xdc] for cell 'design_1_i/processing_system7_0/inst'
Finished Parsing XDC File [d:/ProgramEnvironment/vivado2017/system_aes/system_aes.srcs/sources_1/bd/design_1/ip/design_1_processing_system7_0_0/design_1_processing_system7_0_0.xdc] for cell 'design_1_i/processing_system7_0/inst'
Parsing XDC File [d:/ProgramEnvironment/vivado2017/system_aes/system_aes.srcs/sources_1/bd/design_1/ip/design_1_rst_ps7_0_20M_0/design_1_rst_ps7_0_20M_0_board.xdc] for cell 'design_1_i/rst_ps7_0_20M/U0'
Finished Parsing XDC File [d:/ProgramEnvironment/vivado2017/system_aes/system_aes.srcs/sources_1/bd/design_1/ip/design_1_rst_ps7_0_20M_0/design_1_rst_ps7_0_20M_0_board.xdc] for cell 'design_1_i/rst_ps7_0_20M/U0'
Parsing XDC File [d:/ProgramEnvironment/vivado2017/system_aes/system_aes.srcs/sources_1/bd/design_1/ip/design_1_rst_ps7_0_20M_0/design_1_rst_ps7_0_20M_0.xdc] for cell 'design_1_i/rst_ps7_0_20M/U0'
Finished Parsing XDC File [d:/ProgramEnvironment/vivado2017/system_aes/system_aes.srcs/sources_1/bd/design_1/ip/design_1_rst_ps7_0_20M_0/design_1_rst_ps7_0_20M_0.xdc] for cell 'design_1_i/rst_ps7_0_20M/U0'
Parsing XDC File [D:/ProgramEnvironment/vivado2017/system_aes/system_aes.srcs/constrs_1/new/design_1_wrapper.xdc]
Finished Parsing XDC File [D:/ProgramEnvironment/vivado2017/system_aes/system_aes.srcs/constrs_1/new/design_1_wrapper.xdc]
Parsing XDC File [d:/ProgramEnvironment/vivado2017/system_aes/system_aes.srcs/sources_1/bd/design_1/ip/design_1_auto_ds_0/design_1_auto_ds_0_clocks.xdc] for cell 'design_1_i/axi_interconnect_0/m00_couplers/auto_ds/inst'
Finished Parsing XDC File [d:/ProgramEnvironment/vivado2017/system_aes/system_aes.srcs/sources_1/bd/design_1/ip/design_1_auto_ds_0/design_1_auto_ds_0_clocks.xdc] for cell 'design_1_i/axi_interconnect_0/m00_couplers/auto_ds/inst'
Parsing XDC File [d:/ProgramEnvironment/vivado2017/system_aes/system_aes.srcs/sources_1/bd/design_1/ip/design_1_auto_us_0/design_1_auto_us_0_clocks.xdc] for cell 'design_1_i/axi_interconnect_0/s00_couplers/auto_us/inst'
Finished Parsing XDC File [d:/ProgramEnvironment/vivado2017/system_aes/system_aes.srcs/sources_1/bd/design_1/ip/design_1_auto_us_0/design_1_auto_us_0_clocks.xdc] for cell 'design_1_i/axi_interconnect_0/s00_couplers/auto_us/inst'
Sourcing Tcl File [D:/xilinx-vivado2017/Vivado/2017.4/data/ip/xpm/xpm_cdc/tcl/xpm_cdc_async_rst.tcl] for cell 'design_1_i/axi_interconnect_0/m00_couplers/auto_ds/inst/gen_downsizer.gen_simple_downsizer.axi_downsizer_inst/USE_WRITE.write_addr_inst/USE_B_CHANNEL.cmd_b_queue/inst/fifo_gen_inst/inst_fifo_gen/gconvfifo.rf/grf.rf/rstblk/ngwrdrst.grst.g7serrst.gnsckt_wrst.rst_wr_reg2_inst'
INFO: [Timing 38-35] Done setting XDC timing constraints. [D:/xilinx-vivado2017/Vivado/2017.4/data/ip/xpm/xpm_cdc/tcl/xpm_cdc_async_rst.tcl:2]
all_registers: Time (s): cpu = 00:00:07 ; elapsed = 00:00:07 . Memory (MB): peak = 1336.559 ; gain = 574.191
Finished Sourcing Tcl File [D:/xilinx-vivado2017/Vivado/2017.4/data/ip/xpm/xpm_cdc/tcl/xpm_cdc_async_rst.tcl] for cell 'design_1_i/axi_interconnect_0/m00_couplers/auto_ds/inst/gen_downsizer.gen_simple_downsizer.axi_downsizer_inst/USE_WRITE.write_addr_inst/USE_B_CHANNEL.cmd_b_queue/inst/fifo_gen_inst/inst_fifo_gen/gconvfifo.rf/grf.rf/rstblk/ngwrdrst.grst.g7serrst.gnsckt_wrst.rst_wr_reg2_inst'
Sourcing Tcl File [D:/xilinx-vivado2017/Vivado/2017.4/data/ip/xpm/xpm_cdc/tcl/xpm_cdc_async_rst.tcl] for cell 'design_1_i/axi_interconnect_0/m00_couplers/auto_ds/inst/gen_downsizer.gen_simple_downsizer.axi_downsizer_inst/USE_READ.read_addr_inst/cmd_queue/inst/fifo_gen_inst/inst_fifo_gen/gconvfifo.rf/grf.rf/rstblk/ngwrdrst.grst.g7serrst.gnsckt_wrst.rst_wr_reg2_inst'
Finished Sourcing Tcl File [D:/xilinx-vivado2017/Vivado/2017.4/data/ip/xpm/xpm_cdc/tcl/xpm_cdc_async_rst.tcl] for cell 'design_1_i/axi_interconnect_0/m00_couplers/auto_ds/inst/gen_downsizer.gen_simple_downsizer.axi_downsizer_inst/USE_READ.read_addr_inst/cmd_queue/inst/fifo_gen_inst/inst_fifo_gen/gconvfifo.rf/grf.rf/rstblk/ngwrdrst.grst.g7serrst.gnsckt_wrst.rst_wr_reg2_inst'
Sourcing Tcl File [D:/xilinx-vivado2017/Vivado/2017.4/data/ip/xpm/xpm_cdc/tcl/xpm_cdc_async_rst.tcl] for cell 'design_1_i/axi_interconnect_0/m00_couplers/auto_ds/inst/gen_downsizer.gen_simple_downsizer.axi_downsizer_inst/USE_WRITE.write_addr_inst/cmd_queue/inst/fifo_gen_inst/inst_fifo_gen/gconvfifo.rf/grf.rf/rstblk/ngwrdrst.grst.g7serrst.gnsckt_wrst.rst_wr_reg2_inst'
Finished Sourcing Tcl File [D:/xilinx-vivado2017/Vivado/2017.4/data/ip/xpm/xpm_cdc/tcl/xpm_cdc_async_rst.tcl] for cell 'design_1_i/axi_interconnect_0/m00_couplers/auto_ds/inst/gen_downsizer.gen_simple_downsizer.axi_downsizer_inst/USE_WRITE.write_addr_inst/cmd_queue/inst/fifo_gen_inst/inst_fifo_gen/gconvfifo.rf/grf.rf/rstblk/ngwrdrst.grst.g7serrst.gnsckt_wrst.rst_wr_reg2_inst'
INFO: [Opt 31-138] Pushed 0 inverter(s) to 0 load pin(s).
Generating merged BMM file for the design top 'design_1_wrapper'...
INFO: [Project 1-111] Unisim Transformation Summary:
  A total of 55 instances were transformed.
  RAM32M => RAM32M (RAMD32, RAMD32, RAMD32, RAMD32, RAMD32, RAMD32, RAMS32, RAMS32): 12 instances
  RAM64M => RAM64M (RAMD64E, RAMD64E, RAMD64E, RAMD64E): 43 instances

11 Infos, 1 Warnings, 0 Critical Warnings and 0 Errors encountered.
link_design completed successfully
link_design: Time (s): cpu = 00:00:17 ; elapsed = 00:00:20 . Memory (MB): peak = 1337.023 ; gain = 1011.117
Command: opt_design
Attempting to get a license for feature 'Implementation' and/or device 'xc7z020'
INFO: [Common 17-349] Got license for feature 'Implementation' and/or device 'xc7z020'
Running DRC as a precondition to command opt_design

Starting DRC Task
INFO: [DRC 23-27] Running DRC with 2 threads
INFO: [Project 1-461] DRC finished with 0 Errors
INFO: [Project 1-462] Please refer to the DRC report (report_drc) for more information.

Time (s): cpu = 00:00:00 ; elapsed = 00:00:00.410 . Memory (MB): peak = 1337.023 ; gain = 0.000
INFO: [Timing 38-35] Done setting XDC timing constraints.

Starting Logic Optimization Task

Phase 1 Retarget
INFO: [Opt 31-138] Pushed 1 inverter(s) to 4 load pin(s).
INFO: [Opt 31-49] Retargeted 0 cell(s).
Phase 1 Retarget | Checksum: 18c858e2c

Time (s): cpu = 00:00:02 ; elapsed = 00:00:01 . Memory (MB): peak = 1337.039 ; gain = 0.000
INFO: [Opt 31-389] Phase Retarget created 114 cells and removed 151 cells

Phase 2 Constant propagation
INFO: [Opt 31-138] Pushed 2 inverter(s) to 5 load pin(s).
Phase 2 Constant propagation | Checksum: 22ab37bee

Time (s): cpu = 00:00:02 ; elapsed = 00:00:02 . Memory (MB): peak = 1337.039 ; gain = 0.000
INFO: [Opt 31-389] Phase Constant propagation created 194 cells and removed 404 cells

Phase 3 Sweep
Phase 3 Sweep | Checksum: 1ba5d8c01

Time (s): cpu = 00:00:03 ; elapsed = 00:00:02 . Memory (MB): peak = 1337.039 ; gain = 0.000
INFO: [Opt 31-389] Phase Sweep created 0 cells and removed 634 cells

Phase 4 BUFG optimization
Phase 4 BUFG optimization | Checksum: 1ba5d8c01

Time (s): cpu = 00:00:04 ; elapsed = 00:00:03 . Memory (MB): peak = 1337.039 ; gain = 0.000
INFO: [Opt 31-389] Phase BUFG optimization created 0 cells and removed 0 cells

Phase 5 Shift Register Optimization
Phase 5 Shift Register Optimization | Checksum: 1ba5d8c01

Time (s): cpu = 00:00:04 ; elapsed = 00:00:03 . Memory (MB): peak = 1337.039 ; gain = 0.000
INFO: [Opt 31-389] Phase Shift Register Optimization created 0 cells and removed 0 cells

Starting Connectivity Check Task

Time (s): cpu = 00:00:00 ; elapsed = 00:00:00.045 . Memory (MB): peak = 1337.039 ; gain = 0.000
Ending Logic Optimization Task | Checksum: 144d0d1f6

Time (s): cpu = 00:00:04 ; elapsed = 00:00:04 . Memory (MB): peak = 1337.039 ; gain = 0.000

Starting Power Optimization Task
INFO: [Pwropt 34-132] Skipping clock gating for clocks with a period < 2.00 ns.
INFO: [Timing 38-35] Done setting XDC timing constraints.
INFO: [Pwropt 34-9] Applying IDT optimizations ...
INFO: [Pwropt 34-10] Applying ODC optimizations ...
INFO: [Physopt 32-619] Estimated Timing Summary | WNS=9.424 | TNS=0.000 |
Running Vector-less Activity Propagation...

Finished Running Vector-less Activity Propagation


Starting PowerOpt Patch Enables Task
INFO: [Pwropt 34-162] WRITE_MODE attribute of 16 BRAM(s) out of a total of 16 has been updated to save power. Run report_power_opt to get a complete listing of the BRAMs updated.
INFO: [Pwropt 34-201] Structural ODC has moved 0 WE to EN ports
Number of BRAM Ports augmented: 16 newly gated: 0 Total Ports: 32
Ending PowerOpt Patch Enables Task | Checksum: 21fb95803

Time (s): cpu = 00:00:00 ; elapsed = 00:00:00.150 . Memory (MB): peak = 1590.797 ; gain = 0.000
Ending Power Optimization Task | Checksum: 21fb95803

Time (s): cpu = 00:00:08 ; elapsed = 00:00:05 . Memory (MB): peak = 1590.797 ; gain = 253.758

Starting Logic Optimization Task
INFO: [Timing 38-35] Done setting XDC timing constraints.

Phase 1 Remap
Phase 1 Remap | Checksum: 2403e17f9

Time (s): cpu = 00:00:02 ; elapsed = 00:00:01 . Memory (MB): peak = 1590.797 ; gain = 0.000
INFO: [Opt 31-389] Phase Remap created 16 cells and removed 32 cells
Ending Logic Optimization Task | Checksum: 2403e17f9

Time (s): cpu = 00:00:02 ; elapsed = 00:00:02 . Memory (MB): peak = 1590.797 ; gain = 0.000
INFO: [Common 17-83] Releasing license: Implementation
34 Infos, 1 Warnings, 0 Critical Warnings and 0 Errors encountered.
opt_design completed successfully
opt_design: Time (s): cpu = 00:00:16 ; elapsed = 00:00:12 . Memory (MB): peak = 1590.797 ; gain = 253.773
Writing placer database...
Writing XDEF routing.
Writing XDEF routing logical nets.
Writing XDEF routing special nets.
Write XDEF Complete: Time (s): cpu = 00:00:00 ; elapsed = 00:00:00.058 . Memory (MB): peak = 1590.797 ; gain = 0.000
INFO: [Common 17-1381] The checkpoint 'D:/ProgramEnvironment/vivado2017/system_aes/system_aes.runs/impl_1/design_1_wrapper_opt.dcp' has been generated.
INFO: [runtcl-4] Executing : report_drc -file design_1_wrapper_drc_opted.rpt -pb design_1_wrapper_drc_opted.pb -rpx design_1_wrapper_drc_opted.rpx
Command: report_drc -file design_1_wrapper_drc_opted.rpt -pb design_1_wrapper_drc_opted.pb -rpx design_1_wrapper_drc_opted.rpx
INFO: [IP_Flow 19-1839] IP Catalog is up to date.
INFO: [DRC 23-27] Running DRC with 2 threads
INFO: [Coretcl 2-168] The results of DRC are in file D:/ProgramEnvironment/vivado2017/system_aes/system_aes.runs/impl_1/design_1_wrapper_drc_opted.rpt.
report_drc completed successfully
INFO: [Chipscope 16-241] No debug cores found in the current design.
Before running the implement_debug_core command, either use the Set Up Debug wizard (GUI mode)
or use the create_debug_core and connect_debug_core Tcl commands to insert debug cores into the design.
Command: place_design
Attempting to get a license for feature 'Implementation' and/or device 'xc7z020'
INFO: [Common 17-349] Got license for feature 'Implementation' and/or device 'xc7z020'
INFO: [DRC 23-27] Running DRC with 2 threads
INFO: [Vivado_Tcl 4-198] DRC finished with 0 Errors
INFO: [Vivado_Tcl 4-199] Please refer to the DRC report (report_drc) for more information.
Running DRC as a precondition to command place_design
INFO: [DRC 23-27] Running DRC with 2 threads
INFO: [Vivado_Tcl 4-198] DRC finished with 0 Errors
INFO: [Vivado_Tcl 4-199] Please refer to the DRC report (report_drc) for more information.

Starting Placer Task
INFO: [Place 30-611] Multithreading enabled for place_design using a maximum of 2 CPUs

Phase 1 Placer Initialization

Phase 1.1 Placer Initialization Netlist Sorting
Netlist sorting complete. Time (s): cpu = 00:00:00 ; elapsed = 00:00:00.030 . Memory (MB): peak = 1590.797 ; gain = 0.000
Phase 1.1 Placer Initialization Netlist Sorting | Checksum: 12fa12b32

Time (s): cpu = 00:00:00 ; elapsed = 00:00:00.037 . Memory (MB): peak = 1590.797 ; gain = 0.000
INFO: [Timing 38-35] Done setting XDC timing constraints.
INFO: [Opt 31-138] Pushed 0 inverter(s) to 0 load pin(s).
Netlist sorting complete. Time (s): cpu = 00:00:00 ; elapsed = 00:00:00.030 . Memory (MB): peak = 1590.797 ; gain = 0.000

Phase 1.2 IO Placement/ Clock Placement/ Build Placer Device
INFO: [Timing 38-35] Done setting XDC timing constraints.
Phase 1.2 IO Placement/ Clock Placement/ Build Placer Device | Checksum: 8b66e155

Time (s): cpu = 00:00:05 ; elapsed = 00:00:04 . Memory (MB): peak = 1590.797 ; gain = 0.000

Phase 1.3 Build Placer Netlist Model
Phase 1.3 Build Placer Netlist Model | Checksum: 116feb02d

Time (s): cpu = 00:00:08 ; elapsed = 00:00:07 . Memory (MB): peak = 1590.797 ; gain = 0.000

Phase 1.4 Constrain Clocks/Macros
Phase 1.4 Constrain Clocks/Macros | Checksum: 116feb02d

Time (s): cpu = 00:00:09 ; elapsed = 00:00:07 . Memory (MB): peak = 1590.797 ; gain = 0.000
Phase 1 Placer Initialization | Checksum: 116feb02d

Time (s): cpu = 00:00:09 ; elapsed = 00:00:07 . Memory (MB): peak = 1590.797 ; gain = 0.000

Phase 2 Global Placement
Phase 2 Global Placement | Checksum: 20957ea51

Time (s): cpu = 00:00:20 ; elapsed = 00:00:14 . Memory (MB): peak = 1590.797 ; gain = 0.000

Phase 3 Detail Placement

Phase 3.1 Commit Multi Column Macros
Phase 3.1 Commit Multi Column Macros | Checksum: 20957ea51

Time (s): cpu = 00:00:20 ; elapsed = 00:00:14 . Memory (MB): peak = 1590.797 ; gain = 0.000

Phase 3.2 Commit Most Macros & LUTRAMs
Phase 3.2 Commit Most Macros & LUTRAMs | Checksum: 15663d3c5

Time (s): cpu = 00:00:22 ; elapsed = 00:00:16 . Memory (MB): peak = 1590.797 ; gain = 0.000

Phase 3.3 Area Swap Optimization
Phase 3.3 Area Swap Optimization | Checksum: 10f14fc6e

Time (s): cpu = 00:00:22 ; elapsed = 00:00:16 . Memory (MB): peak = 1590.797 ; gain = 0.000

Phase 3.4 Pipeline Register Optimization
Phase 3.4 Pipeline Register Optimization | Checksum: 1950aeb95

Time (s): cpu = 00:00:22 ; elapsed = 00:00:16 . Memory (MB): peak = 1590.797 ; gain = 0.000

Phase 3.5 Small Shape Detail Placement
Phase 3.5 Small Shape Detail Placement | Checksum: 2332b0214

Time (s): cpu = 00:00:28 ; elapsed = 00:00:21 . Memory (MB): peak = 1590.797 ; gain = 0.000

Phase 3.6 Re-assign LUT pins
Phase 3.6 Re-assign LUT pins | Checksum: 25d19b467

Time (s): cpu = 00:00:28 ; elapsed = 00:00:22 . Memory (MB): peak = 1590.797 ; gain = 0.000

Phase 3.7 Pipeline Register Optimization
Phase 3.7 Pipeline Register Optimization | Checksum: 25d19b467

Time (s): cpu = 00:00:28 ; elapsed = 00:00:22 . Memory (MB): peak = 1590.797 ; gain = 0.000
Phase 3 Detail Placement | Checksum: 25d19b467

Time (s): cpu = 00:00:28 ; elapsed = 00:00:22 . Memory (MB): peak = 1590.797 ; gain = 0.000

Phase 4 Post Placement Optimization and Clean-Up

Phase 4.1 Post Commit Optimization
INFO: [Timing 38-35] Done setting XDC timing constraints.

Phase 4.1.1 Post Placement Optimization
Post Placement Optimization Initialization | Checksum: 258d192f0

Phase 4.1.1.1 BUFG Insertion
INFO: [Physopt 32-721] Multithreading enabled for phys_opt_design using a maximum of 2 CPUs
INFO: [Place 46-33] Processed net design_1_i/AES_IP_TOP_0/inst/aes_core/i_reg[3]_0, BUFG insertion was skipped due to placement/routing conflicts.
INFO: [Place 46-31] BUFG insertion identified 1 candidate nets, 0 success, 1 skipped for placement/routing, 0 skipped for timing, 0 skipped for netlist change reason.
Phase 4.1.1.1 BUFG Insertion | Checksum: 258d192f0

Time (s): cpu = 00:00:32 ; elapsed = 00:00:25 . Memory (MB): peak = 1590.797 ; gain = 0.000
INFO: [Place 30-746] Post Placement Timing Summary WNS=8.429. For the most accurate timing information please run report_timing.
Phase 4.1.1 Post Placement Optimization | Checksum: 191aac158

Time (s): cpu = 00:00:33 ; elapsed = 00:00:25 . Memory (MB): peak = 1590.797 ; gain = 0.000
Phase 4.1 Post Commit Optimization | Checksum: 191aac158

Time (s): cpu = 00:00:33 ; elapsed = 00:00:25 . Memory (MB): peak = 1590.797 ; gain = 0.000

Phase 4.2 Post Placement Cleanup
Phase 4.2 Post Placement Cleanup | Checksum: 191aac158

Time (s): cpu = 00:00:33 ; elapsed = 00:00:25 . Memory (MB): peak = 1590.797 ; gain = 0.000

Phase 4.3 Placer Reporting
Phase 4.3 Placer Reporting | Checksum: 191aac158

Time (s): cpu = 00:00:33 ; elapsed = 00:00:25 . Memory (MB): peak = 1590.797 ; gain = 0.000

Phase 4.4 Final Placement Cleanup
Phase 4.4 Final Placement Cleanup | Checksum: 1b6d0564f

Time (s): cpu = 00:00:33 ; elapsed = 00:00:25 . Memory (MB): peak = 1590.797 ; gain = 0.000
Phase 4 Post Placement Optimization and Clean-Up | Checksum: 1b6d0564f

Time (s): cpu = 00:00:33 ; elapsed = 00:00:26 . Memory (MB): peak = 1590.797 ; gain = 0.000
Ending Placer Task | Checksum: 1a1729d4c

Time (s): cpu = 00:00:33 ; elapsed = 00:00:26 . Memory (MB): peak = 1590.797 ; gain = 0.000
INFO: [Common 17-83] Releasing license: Implementation
57 Infos, 1 Warnings, 0 Critical Warnings and 0 Errors encountered.
place_design completed successfully
place_design: Time (s): cpu = 00:00:35 ; elapsed = 00:00:27 . Memory (MB): peak = 1590.797 ; gain = 0.000
Writing placer database...
Writing XDEF routing.
Writing XDEF routing logical nets.
Writing XDEF routing special nets.
Write XDEF Complete: Time (s): cpu = 00:00:04 ; elapsed = 00:00:01 . Memory (MB): peak = 1590.797 ; gain = 0.000
INFO: [Common 17-1381] The checkpoint 'D:/ProgramEnvironment/vivado2017/system_aes/system_aes.runs/impl_1/design_1_wrapper_placed.dcp' has been generated.
INFO: [runtcl-4] Executing : report_io -file design_1_wrapper_io_placed.rpt
report_io: Time (s): cpu = 00:00:00 ; elapsed = 00:00:00.036 . Memory (MB): peak = 1590.797 ; gain = 0.000
INFO: [runtcl-4] Executing : report_utilization -file design_1_wrapper_utilization_placed.rpt -pb design_1_wrapper_utilization_placed.pb
report_utilization: Time (s): cpu = 00:00:00 ; elapsed = 00:00:00.128 . Memory (MB): peak = 1590.797 ; gain = 0.000
INFO: [runtcl-4] Executing : report_control_sets -verbose -file design_1_wrapper_control_sets_placed.rpt
report_control_sets: Time (s): cpu = 00:00:00 ; elapsed = 00:00:00.031 . Memory (MB): peak = 1590.797 ; gain = 0.000
Command: route_design
Attempting to get a license for feature 'Implementation' and/or device 'xc7z020'
INFO: [Common 17-349] Got license for feature 'Implementation' and/or device 'xc7z020'
Running DRC as a precondition to command route_design
INFO: [DRC 23-27] Running DRC with 2 threads
INFO: [Vivado_Tcl 4-198] DRC finished with 0 Errors
INFO: [Vivado_Tcl 4-199] Please refer to the DRC report (report_drc) for more information.


Starting Routing Task
INFO: [Route 35-254] Multithreading enabled for route_design using a maximum of 2 CPUs
Checksum: PlaceDB: be7232d5 ConstDB: 0 ShapeSum: e3006a77 RouteDB: 0

Phase 1 Build RT Design
Phase 1 Build RT Design | Checksum: 17e556ca2

Time (s): cpu = 00:00:21 ; elapsed = 00:00:18 . Memory (MB): peak = 1590.797 ; gain = 0.000
Post Restoration Checksum: NetGraph: 7ea7e1f2 NumContArr: ffad8ab0 Constraints: 0 Timing: 0

Phase 2 Router Initialization

Phase 2.1 Create Timer
Phase 2.1 Create Timer | Checksum: 17e556ca2

Time (s): cpu = 00:00:22 ; elapsed = 00:00:18 . Memory (MB): peak = 1590.797 ; gain = 0.000

Phase 2.2 Fix Topology Constraints
Phase 2.2 Fix Topology Constraints | Checksum: 17e556ca2

Time (s): cpu = 00:00:22 ; elapsed = 00:00:18 . Memory (MB): peak = 1590.797 ; gain = 0.000

Phase 2.3 Pre Route Cleanup
Phase 2.3 Pre Route Cleanup | Checksum: 17e556ca2

Time (s): cpu = 00:00:22 ; elapsed = 00:00:18 . Memory (MB): peak = 1590.797 ; gain = 0.000
 Number of Nodes with overlaps = 0

Phase 2.4 Update Timing
Phase 2.4 Update Timing | Checksum: 13537c513

Time (s): cpu = 00:00:28 ; elapsed = 00:00:22 . Memory (MB): peak = 1590.797 ; gain = 0.000
INFO: [Route 35-416] Intermediate Timing Summary | WNS=8.786  | TNS=0.000  | WHS=-0.301 | THS=-195.059|

Phase 2 Router Initialization | Checksum: 9012fa91

Time (s): cpu = 00:00:30 ; elapsed = 00:00:24 . Memory (MB): peak = 1611.820 ; gain = 21.023

Phase 3 Initial Routing
Phase 3 Initial Routing | Checksum: 1b53d1390

Time (s): cpu = 00:00:33 ; elapsed = 00:00:25 . Memory (MB): peak = 1612.957 ; gain = 22.160

Phase 4 Rip-up And Reroute

Phase 4.1 Global Iteration 0
 Number of Nodes with overlaps = 3606
 Number of Nodes with overlaps = 184
 Number of Nodes with overlaps = 1
 Number of Nodes with overlaps = 0
INFO: [Route 35-416] Intermediate Timing Summary | WNS=5.414  | TNS=0.000  | WHS=N/A    | THS=N/A    |

Phase 4.1 Global Iteration 0 | Checksum: 15748d751

Time (s): cpu = 00:00:41 ; elapsed = 00:00:29 . Memory (MB): peak = 1612.957 ; gain = 22.160

Phase 4.2 Global Iteration 1
 Number of Nodes with overlaps = 1
 Number of Nodes with overlaps = 0
INFO: [Route 35-416] Intermediate Timing Summary | WNS=5.414  | TNS=0.000  | WHS=N/A    | THS=N/A    |

Phase 4.2 Global Iteration 1 | Checksum: 1beb6e9d8

Time (s): cpu = 00:00:41 ; elapsed = 00:00:30 . Memory (MB): peak = 1612.957 ; gain = 22.160
Phase 4 Rip-up And Reroute | Checksum: 1beb6e9d8

Time (s): cpu = 00:00:41 ; elapsed = 00:00:30 . Memory (MB): peak = 1612.957 ; gain = 22.160

Phase 5 Delay and Skew Optimization

Phase 5.1 Delay CleanUp

Phase 5.1.1 Update Timing
Phase 5.1.1 Update Timing | Checksum: 10342a24b

Time (s): cpu = 00:00:42 ; elapsed = 00:00:30 . Memory (MB): peak = 1612.957 ; gain = 22.160
INFO: [Route 35-416] Intermediate Timing Summary | WNS=5.428  | TNS=0.000  | WHS=N/A    | THS=N/A    |

Phase 5.1 Delay CleanUp | Checksum: 10342a24b

Time (s): cpu = 00:00:42 ; elapsed = 00:00:31 . Memory (MB): peak = 1612.957 ; gain = 22.160

Phase 5.2 Clock Skew Optimization
Phase 5.2 Clock Skew Optimization | Checksum: 10342a24b

Time (s): cpu = 00:00:42 ; elapsed = 00:00:31 . Memory (MB): peak = 1612.957 ; gain = 22.160
Phase 5 Delay and Skew Optimization | Checksum: 10342a24b

Time (s): cpu = 00:00:42 ; elapsed = 00:00:31 . Memory (MB): peak = 1612.957 ; gain = 22.160

Phase 6 Post Hold Fix

Phase 6.1 Hold Fix Iter

Phase 6.1.1 Update Timing
Phase 6.1.1 Update Timing | Checksum: 16748b3bc

Time (s): cpu = 00:00:43 ; elapsed = 00:00:31 . Memory (MB): peak = 1612.957 ; gain = 22.160
INFO: [Route 35-416] Intermediate Timing Summary | WNS=5.428  | TNS=0.000  | WHS=0.042  | THS=0.000  |

Phase 6.1 Hold Fix Iter | Checksum: 1bc28e7bc

Time (s): cpu = 00:00:43 ; elapsed = 00:00:31 . Memory (MB): peak = 1612.957 ; gain = 22.160
Phase 6 Post Hold Fix | Checksum: 1bc28e7bc

Time (s): cpu = 00:00:43 ; elapsed = 00:00:31 . Memory (MB): peak = 1612.957 ; gain = 22.160

Phase 7 Route finalize

Router Utilization Summary
  Global Vertical Routing Utilization    = 4.68298 %
  Global Horizontal Routing Utilization  = 4.51479 %
  Routable Net Status*
  *Does not include unroutable nets such as driverless and loadless.
  Run report_route_status for detailed report.
  Number of Failed Nets               = 0
  Number of Unrouted Nets             = 0
  Number of Partially Routed Nets     = 0
  Number of Node Overlaps             = 0

Phase 7 Route finalize | Checksum: 18dbeb8bf

Time (s): cpu = 00:00:44 ; elapsed = 00:00:31 . Memory (MB): peak = 1612.957 ; gain = 22.160

Phase 8 Verifying routed nets

 Verification completed successfully
Phase 8 Verifying routed nets | Checksum: 18dbeb8bf

Time (s): cpu = 00:00:44 ; elapsed = 00:00:31 . Memory (MB): peak = 1612.957 ; gain = 22.160

Phase 9 Depositing Routes
Phase 9 Depositing Routes | Checksum: 249fc21a1

Time (s): cpu = 00:00:45 ; elapsed = 00:00:33 . Memory (MB): peak = 1612.957 ; gain = 22.160

Phase 10 Post Router Timing
INFO: [Route 35-57] Estimated Timing Summary | WNS=5.428  | TNS=0.000  | WHS=0.042  | THS=0.000  |

INFO: [Route 35-327] The final timing numbers are based on the router estimated timing analysis. For a complete and accurate timing signoff, please run report_timing_summary.
Phase 10 Post Router Timing | Checksum: 249fc21a1

Time (s): cpu = 00:00:45 ; elapsed = 00:00:33 . Memory (MB): peak = 1612.957 ; gain = 22.160
INFO: [Route 35-16] Router Completed Successfully

Time (s): cpu = 00:00:45 ; elapsed = 00:00:33 . Memory (MB): peak = 1612.957 ; gain = 22.160

Routing Is Done.
INFO: [Common 17-83] Releasing license: Implementation
75 Infos, 1 Warnings, 0 Critical Warnings and 0 Errors encountered.
route_design completed successfully
route_design: Time (s): cpu = 00:00:48 ; elapsed = 00:00:34 . Memory (MB): peak = 1612.957 ; gain = 22.160
Writing placer database...
Writing XDEF routing.
Writing XDEF routing logical nets.
Writing XDEF routing special nets.
Write XDEF Complete: Time (s): cpu = 00:00:04 ; elapsed = 00:00:01 . Memory (MB): peak = 1612.957 ; gain = 0.000
INFO: [Common 17-1381] The checkpoint 'D:/ProgramEnvironment/vivado2017/system_aes/system_aes.runs/impl_1/design_1_wrapper_routed.dcp' has been generated.
INFO: [runtcl-4] Executing : report_drc -file design_1_wrapper_drc_routed.rpt -pb design_1_wrapper_drc_routed.pb -rpx design_1_wrapper_drc_routed.rpx
Command: report_drc -file design_1_wrapper_drc_routed.rpt -pb design_1_wrapper_drc_routed.pb -rpx design_1_wrapper_drc_routed.rpx
INFO: [IP_Flow 19-1839] IP Catalog is up to date.
INFO: [DRC 23-27] Running DRC with 2 threads
INFO: [Coretcl 2-168] The results of DRC are in file D:/ProgramEnvironment/vivado2017/system_aes/system_aes.runs/impl_1/design_1_wrapper_drc_routed.rpt.
report_drc completed successfully
INFO: [runtcl-4] Executing : report_methodology -file design_1_wrapper_methodology_drc_routed.rpt -pb design_1_wrapper_methodology_drc_routed.pb -rpx design_1_wrapper_methodology_drc_routed.rpx
Command: report_methodology -file design_1_wrapper_methodology_drc_routed.rpt -pb design_1_wrapper_methodology_drc_routed.pb -rpx design_1_wrapper_methodology_drc_routed.rpx
INFO: [Timing 38-35] Done setting XDC timing constraints.
INFO: [Timing 38-35] Done setting XDC timing constraints.
INFO: [DRC 23-133] Running Methodology with 2 threads
INFO: [Coretcl 2-1520] The results of Report Methodology are in file D:/ProgramEnvironment/vivado2017/system_aes/system_aes.runs/impl_1/design_1_wrapper_methodology_drc_routed.rpt.
report_methodology completed successfully
INFO: [runtcl-4] Executing : report_power -file design_1_wrapper_power_routed.rpt -pb design_1_wrapper_power_summary_routed.pb -rpx design_1_wrapper_power_routed.rpx
Command: report_power -file design_1_wrapper_power_routed.rpt -pb design_1_wrapper_power_summary_routed.pb -rpx design_1_wrapper_power_routed.rpx
INFO: [Timing 38-35] Done setting XDC timing constraints.
Running Vector-less Activity Propagation...

Finished Running Vector-less Activity Propagation
87 Infos, 1 Warnings, 0 Critical Warnings and 0 Errors encountered.
report_power completed successfully
INFO: [runtcl-4] Executing : report_route_status -file design_1_wrapper_route_status.rpt -pb design_1_wrapper_route_status.pb
INFO: [runtcl-4] Executing : report_timing_summary -max_paths 10 -file design_1_wrapper_timing_summary_routed.rpt -rpx design_1_wrapper_timing_summary_routed.rpx -warn_on_violation 
INFO: [Timing 38-91] UpdateTimingParams: Speed grade: -1, Delay Type: min_max.
INFO: [Timing 38-191] Multithreading enabled for timing update using a maximum of 2 CPUs
INFO: [runtcl-4] Executing : report_incremental_reuse -file design_1_wrapper_incremental_reuse_routed.rpt
INFO: [Vivado_Tcl 4-545] No incremental reuse to report, no incremental placement and routing data was found.
INFO: [runtcl-4] Executing : report_clock_utilization -file design_1_wrapper_clock_utilization_routed.rpt
Command: write_bitstream -force design_1_wrapper.bit
Attempting to get a license for feature 'Implementation' and/or device 'xc7z020'
INFO: [Common 17-349] Got license for feature 'Implementation' and/or device 'xc7z020'
Running DRC as a precondition to command write_bitstream
INFO: [IP_Flow 19-1839] IP Catalog is up to date.
INFO: [DRC 23-27] Running DRC with 2 threads
WARNING: [DRC PDRC-153] Gated clock check: Net design_1_i/AES_IP_TOP_0/inst/aes_core/next_state_reg[1]_i_2_n_11 is a gated clock net sourced by a combinational pin design_1_i/AES_IP_TOP_0/inst/aes_core/next_state_reg[1]_i_2/O, cell design_1_i/AES_IP_TOP_0/inst/aes_core/next_state_reg[1]_i_2. This is not good design practice and will likely impact performance. For SLICE registers, for example, use the CE pin to control the loading of data.
WARNING: [DRC RTSTAT-10] No routable loads: 15 net(s) have no routable loads. The problem bus(es) and/or net(s) are design_1_i/axi_interconnect_0/m00_couplers/auto_ds/inst/gen_downsizer.gen_simple_downsizer.axi_downsizer_inst/USE_WRITE.write_addr_inst/cmd_queue/inst/fifo_gen_inst/inst_fifo_gen/gconvfifo.rf/grf.rf/gntv_or_sync_fifo.gl0.rd/gr1.gr1_int.rfwft/aempty_fwft_i, design_1_i/axi_interconnect_0/m00_couplers/auto_ds/inst/gen_downsizer.gen_simple_downsizer.axi_downsizer_inst/USE_WRITE.write_addr_inst/USE_B_CHANNEL.cmd_b_queue/inst/fifo_gen_inst/inst_fifo_gen/gconvfifo.rf/grf.rf/gntv_or_sync_fifo.gl0.rd/gr1.gr1_int.rfwft/aempty_fwft_i, design_1_i/axi_interconnect_0/m00_couplers/auto_ds/inst/gen_downsizer.gen_simple_downsizer.axi_downsizer_inst/USE_READ.read_addr_inst/cmd_queue/inst/fifo_gen_inst/inst_fifo_gen/gconvfifo.rf/grf.rf/gntv_or_sync_fifo.gl0.rd/gr1.gr1_int.rfwft/aempty_fwft_i, design_1_i/axi_interconnect_0/m00_couplers/auto_ds/inst/gen_downsizer.gen_simple_downsizer.axi_downsizer_inst/USE_WRITE.write_addr_inst/cmd_queue/inst/fifo_gen_inst/inst_fifo_gen/gconvfifo.rf/grf.rf/gntv_or_sync_fifo.gl0.wr/gwss.wsts/ram_afull_fb, design_1_i/axi_interconnect_0/m00_couplers/auto_ds/inst/gen_downsizer.gen_simple_downsizer.axi_downsizer_inst/USE_WRITE.write_addr_inst/USE_B_CHANNEL.cmd_b_queue/inst/fifo_gen_inst/inst_fifo_gen/gconvfifo.rf/grf.rf/gntv_or_sync_fifo.gl0.wr/gwss.wsts/ram_afull_fb, design_1_i/axi_interconnect_0/m00_couplers/auto_ds/inst/gen_downsizer.gen_simple_downsizer.axi_downsizer_inst/USE_READ.read_addr_inst/cmd_queue/inst/fifo_gen_inst/inst_fifo_gen/gconvfifo.rf/grf.rf/gntv_or_sync_fifo.gl0.wr/gwss.wsts/ram_afull_fb, design_1_i/axi_interconnect_0/m00_couplers/auto_ds/inst/gen_downsizer.gen_simple_downsizer.axi_downsizer_inst/USE_WRITE.write_addr_inst/cmd_queue/inst/fifo_gen_inst/inst_fifo_gen/gconvfifo.rf/grf.rf/gntv_or_sync_fifo.gl0.wr/gwss.wsts/ram_afull_i, design_1_i/axi_interconnect_0/m00_couplers/auto_ds/inst/gen_downsizer.gen_simple_downsizer.axi_downsizer_inst/USE_WRITE.write_addr_inst/USE_B_CHANNEL.cmd_b_queue/inst/fifo_gen_inst/inst_fifo_gen/gconvfifo.rf/grf.rf/gntv_or_sync_fifo.gl0.wr/gwss.wsts/ram_afull_i, design_1_i/axi_interconnect_0/m00_couplers/auto_ds/inst/gen_downsizer.gen_simple_downsizer.axi_downsizer_inst/USE_READ.read_addr_inst/cmd_queue/inst/fifo_gen_inst/inst_fifo_gen/gconvfifo.rf/grf.rf/gntv_or_sync_fifo.gl0.wr/gwss.wsts/ram_afull_i, design_1_i/axi_interconnect_0/m00_couplers/auto_ds/inst/gen_downsizer.gen_simple_downsizer.axi_downsizer_inst/USE_WRITE.write_addr_inst/cmd_queue/inst/fifo_gen_inst/inst_fifo_gen/gconvfifo.rf/grf.rf/gntv_or_sync_fifo.gl0.rd/grss.rsts/ram_empty_i, design_1_i/axi_interconnect_0/m00_couplers/auto_ds/inst/gen_downsizer.gen_simple_downsizer.axi_downsizer_inst/USE_WRITE.write_addr_inst/USE_B_CHANNEL.cmd_b_queue/inst/fifo_gen_inst/inst_fifo_gen/gconvfifo.rf/grf.rf/gntv_or_sync_fifo.gl0.rd/grss.rsts/ram_empty_i, design_1_i/axi_interconnect_0/m00_couplers/auto_ds/inst/gen_downsizer.gen_simple_downsizer.axi_downsizer_inst/USE_READ.read_addr_inst/cmd_queue/inst/fifo_gen_inst/inst_fifo_gen/gconvfifo.rf/grf.rf/gntv_or_sync_fifo.gl0.rd/grss.rsts/ram_empty_i, design_1_i/axi_interconnect_0/m00_couplers/auto_ds/inst/gen_downsizer.gen_simple_downsizer.axi_downsizer_inst/USE_WRITE.write_addr_inst/cmd_queue/inst/fifo_gen_inst/inst_fifo_gen/gconvfifo.rf/grf.rf/gntv_or_sync_fifo.gl0.rd/gr1.gr1_int.rfwft/user_valid, design_1_i/axi_interconnect_0/m00_couplers/auto_ds/inst/gen_downsizer.gen_simple_downsizer.axi_downsizer_inst/USE_WRITE.write_addr_inst/USE_B_CHANNEL.cmd_b_queue/inst/fifo_gen_inst/inst_fifo_gen/gconvfifo.rf/grf.rf/gntv_or_sync_fifo.gl0.rd/gr1.gr1_int.rfwft/user_valid, and design_1_i/axi_interconnect_0/m00_couplers/auto_ds/inst/gen_downsizer.gen_simple_downsizer.axi_downsizer_inst/USE_READ.read_addr_inst/cmd_queue/inst/fifo_gen_inst/inst_fifo_gen/gconvfifo.rf/grf.rf/gntv_or_sync_fifo.gl0.rd/gr1.gr1_int.rfwft/user_valid.
INFO: [Vivado 12-3199] DRC finished with 0 Errors, 2 Warnings
INFO: [Vivado 12-3200] Please refer to the DRC report (report_drc) for more information.
INFO: [Project 1-821] Please set project.enableDesignId to be 'true'.
INFO: [Designutils 20-2272] Running write_bitstream with 2 threads.
Loading data files...
Loading site data...
Loading route data...
Processing options...
Creating bitmap...
Creating bitstream...
Writing bitstream ./design_1_wrapper.bit...
INFO: [Vivado 12-1842] Bitgen Completed Successfully.
INFO: [Project 1-120] WebTalk data collection is mandatory when using a WebPACK part without a full Vivado license. To see the specific WebTalk data collected for your design, open the usage_statistics_webtalk.html or usage_statistics_webtalk.xml file in the implementation directory.
INFO: [Common 17-83] Releasing license: Implementation
104 Infos, 3 Warnings, 0 Critical Warnings and 0 Errors encountered.
write_bitstream completed successfully
write_bitstream: Time (s): cpu = 00:00:20 ; elapsed = 00:00:20 . Memory (MB): peak = 2189.461 ; gain = 459.949
INFO: [Common 17-206] Exiting Vivado at Wed Jan 15 18:17:13 2025...
